2026-09-24 10:10:04.386 | INFO     | shaclgen.shaclgen:gen_graph:119 - Start Extraction of the Data Graph
2026-09-24 10:10:04.387 | INFO     | shaclgen.shaclgen:gen_graph:120 - Classes …
2026-09-24 10:10:04.511 | DEBUG    | shaclgen.shaclgen:extract_classes:30 - Class: http://www.w3.org/2000/01/rdf-schema#Class
2026-09-24 10:10:04.512 | DEBUG    | shaclgen.shaclgen:extract_classes:30 - Class: http://example.org/toy/Institution
2026-09-24 10:10:04.513 | DEBUG    | shaclgen.shaclgen:extract_classes:30 - Class: http://example.org/toy/Person
2026-09-24 10:10:04.513 | DEBUG    | shaclgen.shaclgen:extract_classes:30 - Class: http://example.org/toy/ClimateModel
2026-09-24 10:10:04.513 | DEBUG    | shaclgen.shaclgen:extract_classes:30 - Class: http://example.org/toy/EarthSystemModel
2026-09-24 10:10:04.514 | DEBUG    | shaclgen.shaclgen:extract_classes:30 - Class: http://example.org/toy/Scenario
2026-09-24 10:10:04.514 | DEBUG    | shaclgen.shaclgen:extract_classes:30 - Class: http://example.org/toy/Variable
2026-09-24 10:10:04.514 | DEBUG    | shaclgen.shaclgen:extract_classes:30 - Class: http://example.org/toy/Simulation
2026-09-24 10:10:04.514 | INFO     | shaclgen.shaclgen:gen_graph:122 - Properties …
2026-09-24 10:10:04.521 | DEBUG    | shaclgen.shaclgen:extract_props:37 - Property: http://example.org/toy/unit
2026-09-24 10:10:04.521 | DEBUG    | shaclgen.shaclgen:extract_props_subj_types:56 - Property subject types: http://example.org/toy/unit
2026-09-24 10:10:04.525 | DEBUG    | shaclgen.shaclgen:extract_props_obj_types:73 - Property object types: http://example.org/toy/unit
2026-09-24 10:10:04.543 | DEBUG    | shaclgen.shaclgen:extract_props:37 - Property: http://example.org/toy/country
2026-09-24 10:10:04.543 | DEBUG    | shaclgen.shaclgen:extract_props_subj_types:56 - Property subject types: http://example.org/toy/country
2026-09-24 10:10:04.546 | DEBUG    | shaclgen.shaclgen:extract_props_obj_types:73 - Property object types: http://example.org/toy/country
2026-09-24 10:10:04.562 | DEBUG    | shaclgen.shaclgen:extract_props:37 - Property: http://example.org/toy/usesScenario
2026-09-24 10:10:04.562 | DEBUG    | shaclgen.shaclgen:extract_props_subj_types:56 - Property subject types: http://example.org/toy/usesScenario
2026-09-24 10:10:04.566 | DEBUG    | shaclgen.shaclgen:extract_props_obj_types:73 - Property object types: http://example.org/toy/usesScenario
2026-09-24 10:10:04.606 | DEBUG    | shaclgen.shaclgen:extract_props:37 - Property: http://example.org/toy/author
2026-09-24 10:10:04.606 | DEBUG    | shaclgen.shaclgen:extract_props_subj_types:56 - Property subject types: http://example.org/toy/author
2026-09-24 10:10:04.611 | DEBUG    | shaclgen.shaclgen:extract_props_obj_types:73 - Property object types: http://example.org/toy/author
2026-09-24 10:10:04.632 | DEBUG    | shaclgen.shaclgen:extract_props:37 - Property: http://example.org/toy/horizontalResolutionKm
2026-09-24 10:10:04.632 | DEBUG    | shaclgen.shaclgen:extract_props_subj_types:56 - Property subject types: http://example.org/toy/horizontalResolutionKm
2026-09-24 10:10:04.637 | DEBUG    | shaclgen.shaclgen:extract_props_obj_types:73 - Property object types: http://example.org/toy/horizontalResolutionKm
2026-09-24 10:10:04.657 | DEBUG    | shaclgen.shaclgen:extract_props:37 - Property: http://example.org/toy/usesModel
2026-09-24 10:10:04.658 | DEBUG    | shaclgen.shaclgen:extract_props_subj_types:56 - Property subject types: http://example.org/toy/usesModel
2026-09-24 10:10:04.661 | DEBUG    | shaclgen.shaclgen:extract_props_obj_types:73 - Property object types: http://example.org/toy/usesModel
2026-09-24 10:10:04.682 | DEBUG    | shaclgen.shaclgen:extract_props:37 - Property: http://example.org/toy/developedBy
2026-09-24 10:10:04.683 | DEBUG    | shaclgen.shaclgen:extract_props_subj_types:56 - Property subject types: http://example.org/toy/developedBy
2026-09-24 10:10:04.686 | DEBUG    | shaclgen.shaclgen:extract_props_obj_types:73 - Property object types: http://example.org/toy/developedBy
2026-09-24 10:10:04.705 | DEBUG    | shaclgen.shaclgen:extract_props:37 - Property: http://www.w3.org/2000/01/rdf-schema#label
2026-09-24 10:10:04.705 | DEBUG    | shaclgen.shaclgen:extract_props_subj_types:56 - Property subject types: http://www.w3.org/2000/01/rdf-schema#label
2026-09-24 10:10:04.710 | DEBUG    | shaclgen.shaclgen:extract_props_obj_types:73 - Property object types: http://www.w3.org/2000/01/rdf-schema#label
2026-09-24 10:10:04.733 | DEBUG    | shaclgen.shaclgen:extract_props:37 - Property: http://example.org/toy/shortName
2026-09-24 10:10:04.733 | DEBUG    | shaclgen.shaclgen:extract_props_subj_types:56 - Property subject types: http://example.org/toy/shortName
2026-09-24 10:10:04.738 | DEBUG    | shaclgen.shaclgen:extract_props_obj_types:73 - Property object types: http://example.org/toy/shortName
2026-09-24 10:10:04.756 | DEBUG    | shaclgen.shaclgen:extract_props:37 - Property: http://example.org/toy/endYear
2026-09-24 10:10:04.756 | DEBUG    | shaclgen.shaclgen:extract_props_subj_types:56 - Property subject types: http://example.org/toy/endYear
2026-09-24 10:10:04.759 | DEBUG    | shaclgen.shaclgen:extract_props_obj_types:73 - Property object types: http://example.org/toy/endYear
2026-09-24 10:10:04.778 | DEBUG    | shaclgen.shaclgen:extract_props:37 - Property: http://example.org/toy/startYear
2026-09-24 10:10:04.778 | DEBUG    | shaclgen.shaclgen:extract_props_subj_types:56 - Property subject types: http://example.org/toy/startYear
2026-09-24 10:10:04.781 | DEBUG    | shaclgen.shaclgen:extract_props_obj_types:73 - Property object types: http://example.org/toy/startYear
2026-09-24 10:10:04.798 | DEBUG    | shaclgen.shaclgen:extract_props:37 - Property: http://example.org/toy/period
2026-09-24 10:10:04.798 | DEBUG    | shaclgen.shaclgen:extract_props_subj_types:56 - Property subject types: http://example.org/toy/period
2026-09-24 10:10:04.802 | DEBUG    | shaclgen.shaclgen:extract_props_obj_types:73 - Property object types: http://example.org/toy/period
2026-09-24 10:10:04.818 | DEBUG    | shaclgen.shaclgen:extract_props:37 - Property: http://example.org/toy/radiativeForcing
2026-09-24 10:10:04.818 | DEBUG    | shaclgen.shaclgen:extract_props_subj_types:56 - Property subject types: http://example.org/toy/radiativeForcing
2026-09-24 10:10:04.822 | DEBUG    | shaclgen.shaclgen:extract_props_obj_types:73 - Property object types: http://example.org/toy/radiativeForcing
2026-09-24 10:10:04.839 | DEBUG    | shaclgen.shaclgen:extract_props:37 - Property: http://example.org/toy/name
2026-09-24 10:10:04.839 | DEBUG    | shaclgen.shaclgen:extract_props_subj_types:56 - Property subject types: http://example.org/toy/name
2026-09-24 10:10:04.843 | DEBUG    | shaclgen.shaclgen:extract_props_obj_types:73 - Property object types: http://example.org/toy/name
2026-09-24 10:10:04.859 | DEBUG    | shaclgen.shaclgen:extract_props:37 - Property: http://example.org/toy/affiliation
2026-09-24 10:10:04.859 | DEBUG    | shaclgen.shaclgen:extract_props_subj_types:56 - Property subject types: http://example.org/toy/affiliation
2026-09-24 10:10:04.863 | DEBUG    | shaclgen.shaclgen:extract_props_obj_types:73 - Property object types: http://example.org/toy/affiliation
2026-09-24 10:10:04.882 | DEBUG    | shaclgen.shaclgen:extract_props:37 - Property: http://www.w3.org/2000/01/rdf-schema#subClassOf
2026-09-24 10:10:04.882 | DEBUG    | shaclgen.shaclgen:extract_props_subj_types:56 - Property subject types: http://www.w3.org/2000/01/rdf-schema#subClassOf
2026-09-24 10:10:04.886 | DEBUG    | shaclgen.shaclgen:extract_props_obj_types:73 - Property object types: http://www.w3.org/2000/01/rdf-schema#subClassOf
2026-09-24 10:10:04.903 | DEBUG    | shaclgen.shaclgen:extract_props:37 - Property: http://example.org/toy/outputVariable
2026-09-24 10:10:04.904 | DEBUG    | shaclgen.shaclgen:extract_props_subj_types:56 - Property subject types: http://example.org/toy/outputVariable
2026-09-24 10:10:04.907 | DEBUG    | shaclgen.shaclgen:extract_props_obj_types:73 - Property object types: http://example.org/toy/outputVariable
2026-09-24 10:10:04.926 | DEBUG    | shaclgen.shaclgen:extract_props:37 - Property: http://example.org/toy/email
2026-09-24 10:10:04.927 | DEBUG    | shaclgen.shaclgen:extract_props_subj_types:56 - Property subject types: http://example.org/toy/email
2026-09-24 10:10:04.930 | DEBUG    | shaclgen.shaclgen:extract_props_obj_types:73 - Property object types: http://example.org/toy/email
2026-09-24 10:10:04.947 | DEBUG    | shaclgen.shaclgen:extract_props:37 - Property: http://example.org/toy/doi
2026-09-24 10:10:04.947 | DEBUG    | shaclgen.shaclgen:extract_props_subj_types:56 - Property subject types: http://example.org/toy/doi
2026-09-24 10:10:04.950 | DEBUG    | shaclgen.shaclgen:extract_props_obj_types:73 - Property object types: http://example.org/toy/doi
2026-09-24 10:10:04.966 | DEBUG    | shaclgen.shaclgen:extract_props:37 - Property: http://example.org/toy/homepage
2026-09-24 10:10:04.966 | DEBUG    | shaclgen.shaclgen:extract_props_subj_types:56 - Property subject types: http://example.org/toy/homepage
2026-09-24 10:10:04.970 | DEBUG    | shaclgen.shaclgen:extract_props_obj_types:73 - Property object types: http://example.org/toy/homepage
2026-09-24 10:10:04.986 | DEBUG    | shaclgen.shaclgen:extract_props:37 - Property: http://example.org/toy/releaseDate
2026-09-24 10:10:04.986 | DEBUG    | shaclgen.shaclgen:extract_props_subj_types:56 - Property subject types: http://example.org/toy/releaseDate
2026-09-24 10:10:04.990 | DEBUG    | shaclgen.shaclgen:extract_props_obj_types:73 - Property object types: http://example.org/toy/releaseDate
2026-09-24 10:10:05.009 | INFO     | shaclgen.shaclgen:gen_graph:124 - Write resulting SHACL Graph …
