/home/user/shape-discovery-survey/.tools/linkml-venv/lib/python3.11/site-packages/quantulum3/classifier.py:27: UserWarning: Classifier dependencies not installed. Run `uv sync --extra classifier` or `pip install quantulum3[classifier]` to install them. The classifer helps to dissambiguate units.
  warnings.warn(
WARNING:rdflib.term:Failed to convert Literal lexical form to value. Datatype=http://www.w3.org/2001/XMLSchema#dateTime, Converter=<built-in method fromisoformat of type object at 0xa1e4c0>
Traceback (most recent call last):
  File "/home/user/shape-discovery-survey/.tools/linkml-venv/lib/python3.11/site-packages/rdflib/term.py", line 2262, in _castLexicalToPython
    return conv_func(lexical)  # type: ignore[arg-type]
           ^^^^^^^^^^^^^^^^^^
ValueError: year 0 is out of range
WARNING:rdflib.term:Failed to convert Literal lexical form to value. Datatype=http://www.w3.org/2001/XMLSchema#dateTime, Converter=<built-in method fromisoformat of type object at 0xa1e4c0>
Traceback (most recent call last):
  File "/home/user/shape-discovery-survey/.tools/linkml-venv/lib/python3.11/site-packages/rdflib/term.py", line 2262, in _castLexicalToPython
    return conv_func(lexical)  # type: ignore[arg-type]
           ^^^^^^^^^^^^^^^^^^
ValueError: year 0 is out of range
WARNING:rdflib.term:Failed to convert Literal lexical form to value. Datatype=http://www.w3.org/2001/XMLSchema#dateTime, Converter=<built-in method fromisoformat of type object at 0xa1e4c0>
Traceback (most recent call last):
  File "/home/user/shape-discovery-survey/.tools/linkml-venv/lib/python3.11/site-packages/rdflib/term.py", line 2262, in _castLexicalToPython
    return conv_func(lexical)  # type: ignore[arg-type]
           ^^^^^^^^^^^^^^^^^^
ValueError: year 0 is out of range
WARNING:rdflib.term:Failed to convert Literal lexical form to value. Datatype=http://www.w3.org/2001/XMLSchema#dateTime, Converter=<built-in method fromisoformat of type object at 0xa1e4c0>
Traceback (most recent call last):
  File "/home/user/shape-discovery-survey/.tools/linkml-venv/lib/python3.11/site-packages/rdflib/term.py", line 2262, in _castLexicalToPython
    return conv_func(lexical)  # type: ignore[arg-type]
           ^^^^^^^^^^^^^^^^^^
ValueError: year 0 is out of range
WARNING:rdflib.term:Failed to convert Literal lexical form to value. Datatype=http://www.w3.org/2001/XMLSchema#dateTime, Converter=<built-in method fromisoformat of type object at 0xa1e4c0>
Traceback (most recent call last):
  File "/home/user/shape-discovery-survey/.tools/linkml-venv/lib/python3.11/site-packages/rdflib/term.py", line 2262, in _castLexicalToPython
    return conv_func(lexical)  # type: ignore[arg-type]
           ^^^^^^^^^^^^^^^^^^
ValueError: year 0 is out of range
WARNING:rdflib.term:Failed to convert Literal lexical form to value. Datatype=http://www.w3.org/2001/XMLSchema#dateTime, Converter=<built-in method fromisoformat of type object at 0xa1e4c0>
Traceback (most recent call last):
  File "/home/user/shape-discovery-survey/.tools/linkml-venv/lib/python3.11/site-packages/rdflib/term.py", line 2262, in _castLexicalToPython
    return conv_func(lexical)  # type: ignore[arg-type]
           ^^^^^^^^^^^^^^^^^^
ValueError: year 0 is out of range
Traceback (most recent call last):
  File "<string>", line 1, in <module>
  File "/home/user/shape-discovery-survey/.tools/linkml-venv/lib/python3.11/site-packages/click/core.py", line 1631, in __call__
  File "/home/user/shape-discovery-survey/.tools/linkml-venv/lib/python3.11/site-packages/click/core.py", line 1552, in main
  File "/home/user/shape-discovery-survey/.tools/linkml-venv/lib/python3.11/site-packages/click/core.py", line 2032, in invoke
  File "/home/user/shape-discovery-survey/.tools/linkml-venv/lib/python3.11/site-packages/click/core.py", line 1415, in invoke
  File "/home/user/shape-discovery-survey/.tools/linkml-venv/lib/python3.11/site-packages/click/core.py", line 910, in invoke
  File "/home/user/shape-discovery-survey/.tools/linkml-venv/lib/python3.11/site-packages/schema_automator/cli.py", line 568, in generalize_rdf
  File "/home/user/shape-discovery-survey/.tools/linkml-venv/lib/python3.11/site-packages/schema_automator/generalizers/rdf_data_generalizer.py", line 37, in convert
    g.parse(file, **kwargs)
  File "/home/user/shape-discovery-survey/.tools/linkml-venv/lib/python3.11/site-packages/rdflib/graph.py", line 1660, in parse
  File "/home/user/shape-discovery-survey/.tools/linkml-venv/lib/python3.11/site-packages/rdflib/plugins/parsers/notation3.py", line 2034, in parse
  File "/home/user/shape-discovery-survey/.tools/linkml-venv/lib/python3.11/site-packages/rdflib/plugins/parsers/notation3.py", line 492, in loadStream
  File "/home/user/shape-discovery-survey/.tools/linkml-venv/lib/python3.11/site-packages/rdflib/plugins/parsers/notation3.py", line 498, in loadBuf
  File "/home/user/shape-discovery-survey/.tools/linkml-venv/lib/python3.11/site-packages/rdflib/plugins/parsers/notation3.py", line 524, in feed
  File "/home/user/shape-discovery-survey/.tools/linkml-venv/lib/python3.11/site-packages/rdflib/plugins/parsers/notation3.py", line 543, in directiveOrStatement
  File "/home/user/shape-discovery-survey/.tools/linkml-venv/lib/python3.11/site-packages/rdflib/plugins/parsers/notation3.py", line 791, in statement
  File "/home/user/shape-discovery-survey/.tools/linkml-venv/lib/python3.11/site-packages/rdflib/plugins/parsers/notation3.py", line 1153, in property_list
  File "/home/user/shape-discovery-survey/.tools/linkml-venv/lib/python3.11/site-packages/rdflib/plugins/parsers/notation3.py", line 1203, in objectList
  File "/home/user/shape-discovery-survey/.tools/linkml-venv/lib/python3.11/site-packages/rdflib/plugins/parsers/notation3.py", line 1500, in object
  File "/home/user/shape-discovery-survey/.tools/linkml-venv/lib/python3.11/site-packages/rdflib/plugins/parsers/notation3.py", line 798, in subject
  File "/home/user/shape-discovery-survey/.tools/linkml-venv/lib/python3.11/site-packages/rdflib/plugins/parsers/notation3.py", line 890, in item
  File "/home/user/shape-discovery-survey/.tools/linkml-venv/lib/python3.11/site-packages/rdflib/plugins/parsers/notation3.py", line 897, in path
  File "/home/user/shape-discovery-survey/.tools/linkml-venv/lib/python3.11/site-packages/rdflib/plugins/parsers/notation3.py", line 1528, in nodeOrLiteral
  File "/home/user/shape-discovery-survey/.tools/linkml-venv/lib/python3.11/site-packages/rdflib/plugins/parsers/notation3.py", line 1115, in node
  File "/home/user/shape-discovery-survey/.tools/linkml-venv/lib/python3.11/site-packages/rdflib/plugins/parsers/notation3.py", line 1288, in uri_ref2
  File "/home/user/shape-discovery-survey/.tools/linkml-venv/lib/python3.11/site-packages/rdflib/plugins/parsers/notation3.py", line 1851, in newSymbol
  File "/home/user/shape-discovery-survey/.tools/linkml-venv/lib/python3.11/site-packages/rdflib/term.py", line 301, in __new__
MemoryError
