/home/user/shape-discovery-survey/.tools/linkml-venv/lib/python3.11/site-packages/quantulum3/classifier.py:27: UserWarning: Classifier dependencies not installed. Run `uv sync --extra classifier` or `pip install quantulum3[classifier]` to install them. The classifer helps to dissambiguate units.
  warnings.warn(
WARNING:rdflib.term:Failed to convert Literal lexical form to value. Datatype=http://www.w3.org/2001/XMLSchema#dateTime, Converter=<built-in method fromisoformat of type object at 0xa1e4c0>
Traceback (most recent call last):
  File "/home/user/shape-discovery-survey/.tools/linkml-venv/lib/python3.11/site-packages/rdflib/term.py", line 2262, in _castLexicalToPython
    return conv_func(lexical)  # type: ignore[arg-type]
           ^^^^^^^^^^^^^^^^^^
ValueError: year 0 is out of range
Traceback (most recent call last):
  File "<string>", line 1, in <module>
  File "/home/user/shape-discovery-survey/.tools/linkml-venv/lib/python3.11/site-packages/click/core.py", line 1631, in __call__
    return self.main(*args, **kwargs)
           ^^^^^^^^^^^^^^^^^^^^^^^^^^
  File "/home/user/shape-discovery-survey/.tools/linkml-venv/lib/python3.11/site-packages/click/core.py", line 1552, in main
    rv = self.invoke(ctx)
         ^^^^^^^^^^^^^^^^
  File "/home/user/shape-discovery-survey/.tools/linkml-venv/lib/python3.11/site-packages/click/core.py", line 2032, in invoke
    return _process_result(sub_ctx.command.invoke(sub_ctx))
                           ^^^^^^^^^^^^^^^^^^^^^^^^^^^^^^^
  File "/home/user/shape-discovery-survey/.tools/linkml-venv/lib/python3.11/site-packages/click/core.py", line 1415, in invoke
    return ctx.invoke(self.callback, **ctx.params)
           ^^^^^^^^^^^^^^^^^^^^^^^^^^^^^^^^^^^^^^^
  File "/home/user/shape-discovery-survey/.tools/linkml-venv/lib/python3.11/site-packages/click/core.py", line 910, in invoke
    return callback(*args, **kwargs)
           ^^^^^^^^^^^^^^^^^^^^^^^^^
  File "/home/user/shape-discovery-survey/.tools/linkml-venv/lib/python3.11/site-packages/schema_automator/cli.py", line 568, in generalize_rdf
    schema_dict = sie.convert(rdffile, dir=dir, format='ttl')
                  ^^^^^^^^^^^^^^^^^^^^^^^^^^^^^^^^^^^^^^^^^^^
  File "/home/user/shape-discovery-survey/.tools/linkml-venv/lib/python3.11/site-packages/schema_automator/generalizers/rdf_data_generalizer.py", line 39, in convert
    paths = self.graph_to_tables(g, dir)
            ^^^^^^^^^^^^^^^^^^^^^^^^^^^^
  File "/home/user/shape-discovery-survey/.tools/linkml-venv/lib/python3.11/site-packages/schema_automator/generalizers/rdf_data_generalizer.py", line 68, in graph_to_tables
    row['id'] = {s}
                ^^^
MemoryError
