Failed to convert Literal lexical form to value. Datatype=http://www.w3.org/2001/XMLSchema#dateTime, Converter=<built-in method fromisoformat of type object at 0xa1e4c0>
Traceback (most recent call last):
  File "/home/user/shape-discovery-survey/.tools/shaclgen-venv/lib/python3.11/site-packages/rdflib/term.py", line 2262, in _castLexicalToPython
    return conv_func(lexical)  # type: ignore[arg-type]
           ^^^^^^^^^^^^^^^^^^
ValueError: year 0 is out of range
2026-10-07 13:52:40.940 | INFO     | shaclgen.shaclgen:gen_graph:119 - Start Extraction of the Data Graph
2026-10-07 13:52:40.941 | INFO     | shaclgen.shaclgen:gen_graph:120 - Classes …
2026-10-07 13:52:41.218 | DEBUG    | shaclgen.shaclgen:extract_classes:30 - Class: http://www.w3.org/2002/07/owl#AnnotationProperty
2026-10-07 13:52:41.219 | DEBUG    | shaclgen.shaclgen:extract_classes:30 - Class: http://www.w3.org/2002/07/owl#Class
2026-10-07 13:52:41.223 | DEBUG    | shaclgen.shaclgen:extract_classes:30 - Class: http://www.w3.org/2000/01/rdf-schema#Datatype
2026-10-07 13:52:41.223 | DEBUG    | shaclgen.shaclgen:extract_classes:30 - Class: https://w3id.org/hacid/onto/data/DependentVariable
2026-10-07 13:52:41.462 | DEBUG    | shaclgen.shaclgen:extract_classes:30 - Class: https://w3id.org/hacid/onto/data/Variable
2026-10-07 13:52:54.630 | DEBUG    | shaclgen.shaclgen:extract_classes:30 - Class: https://w3id.org/hacid/onto/top-level/Concept
2026-10-07 13:53:08.304 | DEBUG    | shaclgen.shaclgen:extract_classes:30 - Class: https://w3id.org/hacid/onto/top-level/Entity
2026-10-07 13:53:23.006 | DEBUG    | shaclgen.shaclgen:extract_classes:30 - Class: https://w3id.org/hacid/onto/top-level/Object
2026-10-07 13:53:36.668 | DEBUG    | shaclgen.shaclgen:extract_classes:30 - Class: https://w3id.org/hacid/onto/top-level/SocialObject
2026-10-07 13:53:49.996 | DEBUG    | shaclgen.shaclgen:extract_classes:30 - Class: https://w3id.org/hacid/onto/top-level/Collection
2026-10-07 13:53:49.998 | DEBUG    | shaclgen.shaclgen:extract_classes:30 - Class: https://w3id.org/hacid/onto/top-level/ConceptScheme
2026-10-07 13:53:49.999 | DEBUG    | shaclgen.shaclgen:extract_classes:30 - Class: https://w3id.org/hacid/onto/top-level/Description
2026-10-07 13:53:50.011 | DEBUG    | shaclgen.shaclgen:extract_classes:30 - Class: https://w3id.org/hacid/onto/ccso/GlobalWarmingLevel
2026-10-07 13:53:50.014 | DEBUG    | shaclgen.shaclgen:extract_classes:30 - Class: https://w3id.org/hacid/onto/top-level/Characteristic
2026-10-07 13:53:50.094 | DEBUG    | shaclgen.shaclgen:extract_classes:30 - Class: https://w3id.org/hacid/onto/top-level/Parameter
2026-10-07 13:53:50.153 | DEBUG    | shaclgen.shaclgen:extract_classes:30 - Class: https://w3id.org/hacid/onto/data/Aggregation
2026-10-07 13:53:50.156 | DEBUG    | shaclgen.shaclgen:extract_classes:30 - Class: https://w3id.org/hacid/onto/data/IndependentVariable
2026-10-07 13:53:50.257 | DEBUG    | shaclgen.shaclgen:extract_classes:30 - Class: https://w3id.org/hacid/onto/data/DimensionalSpace
2026-10-07 13:53:50.361 | DEBUG    | shaclgen.shaclgen:extract_classes:30 - Class: https://w3id.org/hacid/onto/data/VariableSpecialization
2026-10-07 13:53:50.415 | DEBUG    | shaclgen.shaclgen:extract_classes:30 - Class: https://w3id.org/hacid/onto/ccso/EnsembleProjection
2026-10-07 13:53:50.526 | DEBUG    | shaclgen.shaclgen:extract_classes:30 - Class: https://w3id.org/hacid/onto/ccso/Projection
2026-10-07 13:54:05.566 | DEBUG    | shaclgen.shaclgen:extract_classes:30 - Class: https://w3id.org/hacid/onto/ccso/ScenarioBasedProjection
2026-10-07 13:54:09.363 | DEBUG    | shaclgen.shaclgen:extract_classes:30 - Class: https://w3id.org/hacid/onto/data/Dataset
2026-10-07 13:54:22.608 | DEBUG    | shaclgen.shaclgen:extract_classes:30 - Class: https://w3id.org/hacid/onto/ccso/SingleProjection
2026-10-07 13:54:34.433 | DEBUG    | shaclgen.shaclgen:extract_classes:30 - Class: https://w3id.org/hacid/onto/ccso/ProjectionProduction
2026-10-07 13:54:34.570 | DEBUG    | shaclgen.shaclgen:extract_classes:30 - Class: https://w3id.org/hacid/onto/ccso/ProjectionTransformation
2026-10-07 13:54:34.655 | DEBUG    | shaclgen.shaclgen:extract_classes:30 - Class: https://w3id.org/hacid/onto/ccso/SingleProjectionProduction
2026-10-07 13:54:34.732 | DEBUG    | shaclgen.shaclgen:extract_classes:30 - Class: https://w3id.org/hacid/onto/ccso/StatisticalProjectionTransformation
2026-10-07 13:54:34.736 | DEBUG    | shaclgen.shaclgen:extract_classes:30 - Class: https://w3id.org/hacid/onto/data/DataConsumingProcess
2026-10-07 13:54:34.833 | DEBUG    | shaclgen.shaclgen:extract_classes:30 - Class: https://w3id.org/hacid/onto/data/DataGeneratingProcess
2026-10-07 13:54:34.973 | DEBUG    | shaclgen.shaclgen:extract_classes:30 - Class: https://w3id.org/hacid/onto/data/DataTransformation
2026-10-07 13:54:35.091 | DEBUG    | shaclgen.shaclgen:extract_classes:30 - Class: https://w3id.org/hacid/onto/top-level/Event
2026-10-07 13:54:35.238 | DEBUG    | shaclgen.shaclgen:extract_classes:30 - Class: https://w3id.org/hacid/onto/ccso/EnsembleProjectionProduction
2026-10-07 13:54:35.271 | DEBUG    | shaclgen.shaclgen:extract_classes:30 - Class: https://w3id.org/hacid/onto/ccso/ProbabilisticProjection
2026-10-07 13:54:36.684 | DEBUG    | shaclgen.shaclgen:extract_classes:30 - Class: https://w3id.org/hacid/onto/ccso/ProbabilisticProjectionProduction
2026-10-07 13:54:36.685 | DEBUG    | shaclgen.shaclgen:extract_classes:30 - Class: https://w3id.org/hacid/onto/data/Continuum
2026-10-07 13:54:36.686 | DEBUG    | shaclgen.shaclgen:extract_classes:30 - Class: http://www.opengis.net/ont/geosparql#Geometry
2026-10-07 13:54:36.688 | DEBUG    | shaclgen.shaclgen:extract_classes:30 - Class: https://w3id.org/hacid/onto/data/GeodeticRegion
2026-10-07 13:54:36.691 | DEBUG    | shaclgen.shaclgen:extract_classes:30 - Class: https://w3id.org/hacid/onto/data/Region
2026-10-07 13:54:36.742 | DEBUG    | shaclgen.shaclgen:extract_classes:30 - Class: https://w3id.org/hacid/onto/top-level/Abstract
2026-10-07 13:54:36.794 | DEBUG    | shaclgen.shaclgen:extract_classes:30 - Class: https://w3id.org/hacid/onto/top-level/FormalEntity
2026-10-07 13:54:36.847 | DEBUG    | shaclgen.shaclgen:extract_classes:30 - Class: https://w3id.org/hacid/onto/top-level/Region
2026-10-07 13:54:36.902 | DEBUG    | shaclgen.shaclgen:extract_classes:30 - Class: https://w3id.org/hacid/onto/data/Binning
2026-10-07 13:54:36.903 | DEBUG    | shaclgen.shaclgen:extract_classes:30 - Class: https://w3id.org/hacid/onto/data/DiscreteDimensionalSpace
2026-10-07 13:54:36.904 | DEBUG    | shaclgen.shaclgen:extract_classes:30 - Class: https://w3id.org/hacid/onto/data/Quantization
2026-10-07 13:54:36.905 | DEBUG    | shaclgen.shaclgen:extract_classes:30 - Class: https://w3id.org/hacid/onto/data/RegularBinning
2026-10-07 13:54:36.905 | DEBUG    | shaclgen.shaclgen:extract_classes:30 - Class: https://w3id.org/hacid/onto/data/SimpleRegularBinning
2026-10-07 13:54:36.906 | DEBUG    | shaclgen.shaclgen:extract_classes:30 - Class: https://w3id.org/hacid/onto/data/GeodeticPoint
2026-10-07 13:54:36.907 | DEBUG    | shaclgen.shaclgen:extract_classes:30 - Class: https://w3id.org/hacid/onto/data/Point
2026-10-07 13:54:36.907 | DEBUG    | shaclgen.shaclgen:extract_classes:30 - Class: https://w3id.org/hacid/onto/data/TemporalRegion
2026-10-07 13:54:36.962 | DEBUG    | shaclgen.shaclgen:extract_classes:30 - Class: https://w3id.org/hacid/onto/data/PeriodicBinning
2026-10-07 13:54:36.963 | DEBUG    | shaclgen.shaclgen:extract_classes:30 - Class: https://w3id.org/hacid/onto/data/SinglePeriodicBinning
2026-10-07 13:54:36.963 | DEBUG    | shaclgen.shaclgen:extract_classes:30 - Class: https://w3id.org/hacid/onto/data/RegularPeriodicBinning
2026-10-07 13:54:36.964 | DEBUG    | shaclgen.shaclgen:extract_classes:30 - Class: https://w3id.org/hacid/onto/ccso/ClimatePhenomenonType
2026-10-07 13:54:36.965 | DEBUG    | shaclgen.shaclgen:extract_classes:30 - Class: https://w3id.org/hacid/onto/ccso/HazardType
2026-10-07 13:54:36.967 | DEBUG    | shaclgen.shaclgen:extract_classes:30 - Class: https://w3id.org/hacid/onto/ccso/ClimateModelIntercomparisonExperiment
2026-10-07 13:54:36.989 | DEBUG    | shaclgen.shaclgen:extract_classes:30 - Class: https://w3id.org/hacid/onto/ccso/ClimateSimulation
2026-10-07 13:54:37.105 | DEBUG    | shaclgen.shaclgen:extract_classes:30 - Class: https://w3id.org/hacid/onto/ccso/EnsembleSimulation
2026-10-07 13:54:37.149 | DEBUG    | shaclgen.shaclgen:extract_classes:30 - Class: https://w3id.org/hacid/onto/ccso/GlobalClimateSimulation
2026-10-07 13:54:37.168 | DEBUG    | shaclgen.shaclgen:extract_classes:30 - Class: https://w3id.org/hacid/onto/ccso/Simulation
2026-10-07 13:54:37.304 | DEBUG    | shaclgen.shaclgen:extract_classes:30 - Class: https://w3id.org/hacid/onto/top-level/Action
2026-10-07 13:54:37.305 | DEBUG    | shaclgen.shaclgen:extract_classes:30 - Class: https://w3id.org/hacid/onto/ccso/ClimateModel
2026-10-07 13:54:37.309 | DEBUG    | shaclgen.shaclgen:extract_classes:30 - Class: https://w3id.org/hacid/onto/ccso/GlobalClimateModel
2026-10-07 13:54:37.311 | DEBUG    | shaclgen.shaclgen:extract_classes:30 - Class: https://w3id.org/hacid/onto/ccso/RegionalClimateModel
2026-10-07 13:54:37.314 | DEBUG    | shaclgen.shaclgen:extract_classes:30 - Class: https://w3id.org/hacid/onto/ccso/ConvectionPermittingClimateModel
2026-10-07 13:54:37.314 | DEBUG    | shaclgen.shaclgen:extract_classes:30 - Class: https://w3id.org/hacid/onto/ccso/LocalClimateModel
2026-10-07 13:54:37.314 | DEBUG    | shaclgen.shaclgen:extract_classes:30 - Class: https://w3id.org/hacid/onto/top-level/Agent
2026-10-07 13:54:37.316 | DEBUG    | shaclgen.shaclgen:extract_classes:30 - Class: https://w3id.org/hacid/onto/top-level/Organization
2026-10-07 13:54:37.318 | DEBUG    | shaclgen.shaclgen:extract_classes:30 - Class: https://w3id.org/hacid/onto/top-level/SocialAgent
2026-10-07 13:54:37.321 | DEBUG    | shaclgen.shaclgen:extract_classes:30 - Class: https://w3id.org/hacid/onto/ccso/EmissionScenario
2026-10-07 13:54:37.321 | DEBUG    | shaclgen.shaclgen:extract_classes:30 - Class: https://w3id.org/hacid/onto/ccso/GreenhouseGasConcentrationPathway
2026-10-07 13:54:37.321 | DEBUG    | shaclgen.shaclgen:extract_classes:30 - Class: https://w3id.org/hacid/onto/ccso/SharedSocioeconomicPathway
2026-10-07 13:54:37.323 | DEBUG    | shaclgen.shaclgen:extract_classes:30 - Class: https://w3id.org/hacid/onto/ccso/SingleSimulation
2026-10-07 13:54:37.391 | DEBUG    | shaclgen.shaclgen:extract_classes:30 - Class: https://w3id.org/hacid/onto/ccso/PerturbedParameterClimateEnsembleSimulation
2026-10-07 13:54:37.395 | DEBUG    | shaclgen.shaclgen:extract_classes:30 - Class: https://w3id.org/hacid/onto/ccso/Downscaling
2026-10-07 13:54:37.489 | DEBUG    | shaclgen.shaclgen:extract_classes:30 - Class: https://w3id.org/hacid/onto/ccso/DynamicalDownscaling
2026-10-07 13:54:37.577 | DEBUG    | shaclgen.shaclgen:extract_classes:30 - Class: https://w3id.org/hacid/onto/ccso/Rescaling
2026-10-07 13:54:37.655 | DEBUG    | shaclgen.shaclgen:extract_classes:30 - Class: https://w3id.org/hacid/onto/top-level/UnitOfMeasure
2026-10-07 13:54:37.659 | DEBUG    | shaclgen.shaclgen:extract_classes:30 - Class: https://w3id.org/hacid/onto/top-level/Amount
2026-10-07 13:54:37.659 | DEBUG    | shaclgen.shaclgen:extract_classes:30 - Class: https://w3id.org/hacid/onto/top-level/Method
2026-10-07 13:54:37.661 | DEBUG    | shaclgen.shaclgen:extract_classes:30 - Class: https://w3id.org/hacid/onto/top-level/InformationRole
2026-10-07 13:54:37.663 | DEBUG    | shaclgen.shaclgen:extract_classes:30 - Class: https://w3id.org/hacid/onto/top-level/Role
2026-10-07 13:54:37.664 | DEBUG    | shaclgen.shaclgen:extract_classes:30 - Class: https://w3id.org/hacid/onto/top-level/EventType
2026-10-07 13:54:37.667 | DEBUG    | shaclgen.shaclgen:extract_classes:30 - Class: https://w3id.org/hacid/onto/top-level/Operation
2026-10-07 13:54:37.669 | DEBUG    | shaclgen.shaclgen:extract_classes:30 - Class: https://w3id.org/hacid/onto/top-level/Task
2026-10-07 13:54:37.671 | DEBUG    | shaclgen.shaclgen:extract_classes:30 - Class: http://www.w3.org/2002/07/owl#ObjectProperty
2026-10-07 13:54:37.675 | DEBUG    | shaclgen.shaclgen:extract_classes:30 - Class: http://www.w3.org/2002/07/owl#DatatypeProperty
2026-10-07 13:54:37.676 | DEBUG    | shaclgen.shaclgen:extract_classes:30 - Class: http://www.w3.org/2002/07/owl#Ontology
2026-10-07 13:54:37.677 | DEBUG    | shaclgen.shaclgen:extract_classes:30 - Class: http://www.w3.org/2002/07/owl#SymmetricProperty
2026-10-07 13:54:37.677 | DEBUG    | shaclgen.shaclgen:extract_classes:30 - Class: http://www.w3.org/2002/07/owl#TransitiveProperty
2026-10-07 13:54:37.677 | DEBUG    | shaclgen.shaclgen:extract_classes:30 - Class: http://www.w3.org/2002/07/owl#AsymmetricProperty
2026-10-07 13:54:37.678 | DEBUG    | shaclgen.shaclgen:extract_classes:30 - Class: http://www.w3.org/2002/07/owl#ReflexiveProperty
2026-10-07 13:54:37.678 | DEBUG    | shaclgen.shaclgen:extract_classes:30 - Class: http://www.w3.org/2002/07/owl#Restriction
2026-10-07 13:54:37.680 | INFO     | shaclgen.shaclgen:gen_graph:122 - Properties …
2026-10-07 13:54:46.549 | DEBUG    | shaclgen.shaclgen:extract_props:37 - Property: https://w3id.org/hacid/onto/data/isSpecializedAccordingTo
2026-10-07 13:54:46.549 | DEBUG    | shaclgen.shaclgen:extract_props_subj_types:56 - Property subject types: https://w3id.org/hacid/onto/data/isSpecializedAccordingTo
2026-10-07 13:59:16.251 | DEBUG    | shaclgen.shaclgen:extract_props_obj_types:73 - Property object types: https://w3id.org/hacid/onto/data/isSpecializedAccordingTo
2026-10-07 14:17:11.286 | DEBUG    | shaclgen.shaclgen:extract_props:37 - Property: https://w3id.org/hacid/onto/data/dependsOnVariable
2026-10-07 14:17:11.286 | DEBUG    | shaclgen.shaclgen:extract_props_subj_types:56 - Property subject types: https://w3id.org/hacid/onto/data/dependsOnVariable
2026-10-07 14:23:19.766 | DEBUG    | shaclgen.shaclgen:extract_props_obj_types:73 - Property object types: https://w3id.org/hacid/onto/data/dependsOnVariable
2026-10-07 14:53:07.388 | DEBUG    | shaclgen.shaclgen:extract_props:37 - Property: https://w3id.org/hacid/onto/data/holdsSpecializationOfVariable
2026-10-07 14:53:07.388 | DEBUG    | shaclgen.shaclgen:extract_props_subj_types:56 - Property subject types: https://w3id.org/hacid/onto/data/holdsSpecializationOfVariable
2026-10-07 14:55:32.819 | DEBUG    | shaclgen.shaclgen:extract_props_obj_types:73 - Property object types: https://w3id.org/hacid/onto/data/holdsSpecializationOfVariable
2026-10-07 15:00:59.582 | DEBUG    | shaclgen.shaclgen:extract_props:37 - Property: https://w3id.org/hacid/onto/data/isSpecializationOfVariable
2026-10-07 15:00:59.583 | DEBUG    | shaclgen.shaclgen:extract_props_subj_types:56 - Property subject types: https://w3id.org/hacid/onto/data/isSpecializationOfVariable
2026-10-07 15:04:54.532 | DEBUG    | shaclgen.shaclgen:extract_props_obj_types:73 - Property object types: https://w3id.org/hacid/onto/data/isSpecializationOfVariable
2026-10-07 15:13:43.193 | DEBUG    | shaclgen.shaclgen:extract_props:37 - Property: https://w3id.org/hacid/onto/ccso/refersToScenario
2026-10-07 15:13:43.194 | DEBUG    | shaclgen.shaclgen:extract_props_subj_types:56 - Property subject types: https://w3id.org/hacid/onto/ccso/refersToScenario
2026-10-07 15:15:21.835 | DEBUG    | shaclgen.shaclgen:extract_props_obj_types:73 - Property object types: https://w3id.org/hacid/onto/ccso/refersToScenario
2026-10-07 15:17:38.469 | DEBUG    | shaclgen.shaclgen:extract_props:37 - Property: http://www.w3.org/2000/01/rdf-schema#label
2026-10-07 15:17:38.469 | DEBUG    | shaclgen.shaclgen:extract_props_subj_types:56 - Property subject types: http://www.w3.org/2000/01/rdf-schema#label
2026-10-07 15:21:45.042 | DEBUG    | shaclgen.shaclgen:extract_props_obj_types:73 - Property object types: http://www.w3.org/2000/01/rdf-schema#label
2026-10-07 15:24:13.765 | DEBUG    | shaclgen.shaclgen:extract_props:37 - Property: https://w3id.org/hacid/onto/top-level/hasComponent
2026-10-07 15:24:13.766 | DEBUG    | shaclgen.shaclgen:extract_props_subj_types:56 - Property subject types: https://w3id.org/hacid/onto/top-level/hasComponent
2026-10-07 15:26:34.433 | DEBUG    | shaclgen.shaclgen:extract_props_obj_types:73 - Property object types: https://w3id.org/hacid/onto/top-level/hasComponent
2026-10-07 15:35:25.927 | DEBUG    | shaclgen.shaclgen:extract_props:37 - Property: https://w3id.org/hacid/onto/ccso/isDownscalingOf
2026-10-07 15:35:25.928 | DEBUG    | shaclgen.shaclgen:extract_props_subj_types:56 - Property subject types: https://w3id.org/hacid/onto/ccso/isDownscalingOf
2026-10-07 15:36:30.727 | DEBUG    | shaclgen.shaclgen:extract_props_obj_types:73 - Property object types: https://w3id.org/hacid/onto/ccso/isDownscalingOf
2026-10-07 15:36:34.378 | DEBUG    | shaclgen.shaclgen:extract_props:37 - Property: https://w3id.org/hacid/onto/data/hasExactBoundingRegion
2026-10-07 15:36:34.378 | DEBUG    | shaclgen.shaclgen:extract_props_subj_types:56 - Property subject types: https://w3id.org/hacid/onto/data/hasExactBoundingRegion
2026-10-07 15:37:38.481 | DEBUG    | shaclgen.shaclgen:extract_props_obj_types:73 - Property object types: https://w3id.org/hacid/onto/data/hasExactBoundingRegion
2026-10-07 15:37:44.066 | DEBUG    | shaclgen.shaclgen:extract_props:37 - Property: https://w3id.org/hacid/onto/data/hasOutput
2026-10-07 15:37:44.066 | DEBUG    | shaclgen.shaclgen:extract_props_subj_types:56 - Property subject types: https://w3id.org/hacid/onto/data/hasOutput
2026-10-07 15:38:50.137 | DEBUG    | shaclgen.shaclgen:extract_props_obj_types:73 - Property object types: https://w3id.org/hacid/onto/data/hasOutput
2026-10-07 15:39:02.643 | DEBUG    | shaclgen.shaclgen:extract_props:37 - Property: https://w3id.org/hacid/onto/ccso/usesModel
2026-10-07 15:39:02.644 | DEBUG    | shaclgen.shaclgen:extract_props_subj_types:56 - Property subject types: https://w3id.org/hacid/onto/ccso/usesModel
2026-10-07 15:40:06.888 | DEBUG    | shaclgen.shaclgen:extract_props_obj_types:73 - Property object types: https://w3id.org/hacid/onto/ccso/usesModel
2026-10-07 15:40:12.800 | DEBUG    | shaclgen.shaclgen:extract_props:37 - Property: https://w3id.org/hacid/onto/data/basedOnDimensionalSpace
2026-10-07 15:40:12.801 | DEBUG    | shaclgen.shaclgen:extract_props_subj_types:56 - Property subject types: https://w3id.org/hacid/onto/data/basedOnDimensionalSpace
