Failed to convert Literal lexical form to value. Datatype=http://www.w3.org/2001/XMLSchema#dateTime, Converter=<built-in method fromisoformat of type object at 0xa1e4c0>
Traceback (most recent call last):
  File "/home/user/shape-discovery-survey/.tools/shaclgen-venv/lib/python3.11/site-packages/rdflib/term.py", line 2262, in _castLexicalToPython
    return conv_func(lexical)  # type: ignore[arg-type]
           ^^^^^^^^^^^^^^^^^^
ValueError: year 0 is out of range
2026-10-07 09:22:57.135 | INFO     | shaclgen.shaclgen:gen_graph:119 - Start Extraction of the Data Graph
2026-10-07 09:22:57.136 | INFO     | shaclgen.shaclgen:gen_graph:120 - Classes …
2026-10-07 09:22:57.363 | DEBUG    | shaclgen.shaclgen:extract_classes:30 - Class: http://www.w3.org/2002/07/owl#AnnotationProperty
2026-10-07 09:22:57.365 | DEBUG    | shaclgen.shaclgen:extract_classes:30 - Class: http://www.w3.org/2002/07/owl#Class
2026-10-07 09:22:57.368 | DEBUG    | shaclgen.shaclgen:extract_classes:30 - Class: http://www.w3.org/2000/01/rdf-schema#Datatype
2026-10-07 09:22:57.368 | DEBUG    | shaclgen.shaclgen:extract_classes:30 - Class: https://w3id.org/hacid/onto/data/DependentVariable
2026-10-07 09:22:57.373 | DEBUG    | shaclgen.shaclgen:extract_classes:30 - Class: https://w3id.org/hacid/onto/top-level/Collection
2026-10-07 09:22:57.374 | DEBUG    | shaclgen.shaclgen:extract_classes:30 - Class: https://w3id.org/hacid/onto/top-level/ConceptScheme
2026-10-07 09:22:57.374 | DEBUG    | shaclgen.shaclgen:extract_classes:30 - Class: https://w3id.org/hacid/onto/ccso/GlobalWarmingLevel
2026-10-07 09:22:57.375 | DEBUG    | shaclgen.shaclgen:extract_classes:30 - Class: https://w3id.org/hacid/onto/data/Aggregation
2026-10-07 09:22:57.377 | DEBUG    | shaclgen.shaclgen:extract_classes:30 - Class: https://w3id.org/hacid/onto/data/IndependentVariable
2026-10-07 09:22:57.377 | DEBUG    | shaclgen.shaclgen:extract_classes:30 - Class: https://w3id.org/hacid/onto/top-level/Concept
2026-10-07 09:22:57.378 | DEBUG    | shaclgen.shaclgen:extract_classes:30 - Class: https://w3id.org/hacid/onto/top-level/Description
2026-10-07 09:22:57.379 | DEBUG    | shaclgen.shaclgen:extract_classes:30 - Class: https://w3id.org/hacid/onto/data/DimensionalSpace
2026-10-07 09:22:57.511 | DEBUG    | shaclgen.shaclgen:extract_classes:30 - Class: https://w3id.org/hacid/onto/data/VariableSpecialization
2026-10-07 09:22:57.624 | DEBUG    | shaclgen.shaclgen:extract_classes:30 - Class: https://w3id.org/hacid/onto/ccso/EnsembleProjection
2026-10-07 09:22:57.731 | DEBUG    | shaclgen.shaclgen:extract_classes:30 - Class: https://w3id.org/hacid/onto/ccso/ScenarioBasedProjection
2026-10-07 09:23:01.349 | DEBUG    | shaclgen.shaclgen:extract_classes:30 - Class: https://w3id.org/hacid/onto/ccso/SingleProjection
2026-10-07 09:23:12.813 | DEBUG    | shaclgen.shaclgen:extract_classes:30 - Class: https://w3id.org/hacid/onto/ccso/SingleProjectionProduction
2026-10-07 09:23:12.817 | DEBUG    | shaclgen.shaclgen:extract_classes:30 - Class: https://w3id.org/hacid/onto/ccso/StatisticalProjectionTransformation
2026-10-07 09:23:12.821 | DEBUG    | shaclgen.shaclgen:extract_classes:30 - Class: https://w3id.org/hacid/onto/ccso/EnsembleProjectionProduction
2026-10-07 09:23:12.829 | DEBUG    | shaclgen.shaclgen:extract_classes:30 - Class: https://w3id.org/hacid/onto/ccso/ProbabilisticProjection
2026-10-07 09:23:14.005 | DEBUG    | shaclgen.shaclgen:extract_classes:30 - Class: https://w3id.org/hacid/onto/ccso/ProbabilisticProjectionProduction
2026-10-07 09:23:14.006 | DEBUG    | shaclgen.shaclgen:extract_classes:30 - Class: https://w3id.org/hacid/onto/data/Continuum
2026-10-07 09:23:14.007 | DEBUG    | shaclgen.shaclgen:extract_classes:30 - Class: https://w3id.org/hacid/onto/data/GeodeticRegion
2026-10-07 09:23:14.009 | DEBUG    | shaclgen.shaclgen:extract_classes:30 - Class: https://w3id.org/hacid/onto/data/SimpleRegularBinning
2026-10-07 09:23:14.010 | DEBUG    | shaclgen.shaclgen:extract_classes:30 - Class: https://w3id.org/hacid/onto/data/DiscreteDimensionalSpace
2026-10-07 09:23:14.010 | DEBUG    | shaclgen.shaclgen:extract_classes:30 - Class: https://w3id.org/hacid/onto/data/GeodeticPoint
2026-10-07 09:23:14.011 | DEBUG    | shaclgen.shaclgen:extract_classes:30 - Class: https://w3id.org/hacid/onto/data/TemporalRegion
2026-10-07 09:23:14.061 | DEBUG    | shaclgen.shaclgen:extract_classes:30 - Class: https://w3id.org/hacid/onto/data/SinglePeriodicBinning
2026-10-07 09:23:14.061 | DEBUG    | shaclgen.shaclgen:extract_classes:30 - Class: https://w3id.org/hacid/onto/data/RegularPeriodicBinning
2026-10-07 09:23:14.062 | DEBUG    | shaclgen.shaclgen:extract_classes:30 - Class: https://w3id.org/hacid/onto/data/RegularBinning
2026-10-07 09:23:14.062 | DEBUG    | shaclgen.shaclgen:extract_classes:30 - Class: https://w3id.org/hacid/onto/ccso/HazardType
2026-10-07 09:23:14.063 | DEBUG    | shaclgen.shaclgen:extract_classes:30 - Class: https://w3id.org/hacid/onto/ccso/ClimateModelIntercomparisonExperiment
2026-10-07 09:23:14.078 | DEBUG    | shaclgen.shaclgen:extract_classes:30 - Class: https://w3id.org/hacid/onto/ccso/GlobalClimateSimulation
2026-10-07 09:23:14.097 | DEBUG    | shaclgen.shaclgen:extract_classes:30 - Class: https://w3id.org/hacid/onto/data/Dataset
2026-10-07 09:23:14.098 | DEBUG    | shaclgen.shaclgen:extract_classes:30 - Class: https://w3id.org/hacid/onto/data/DataGeneratingProcess
2026-10-07 09:23:14.098 | DEBUG    | shaclgen.shaclgen:extract_classes:30 - Class: https://w3id.org/hacid/onto/top-level/Action
2026-10-07 09:23:14.099 | DEBUG    | shaclgen.shaclgen:extract_classes:30 - Class: https://w3id.org/hacid/onto/ccso/GlobalClimateModel
2026-10-07 09:23:14.100 | DEBUG    | shaclgen.shaclgen:extract_classes:30 - Class: https://w3id.org/hacid/onto/ccso/RegionalClimateModel
2026-10-07 09:23:14.104 | DEBUG    | shaclgen.shaclgen:extract_classes:30 - Class: https://w3id.org/hacid/onto/ccso/ConvectionPermittingClimateModel
2026-10-07 09:23:14.104 | DEBUG    | shaclgen.shaclgen:extract_classes:30 - Class: https://w3id.org/hacid/onto/top-level/Organization
2026-10-07 09:23:14.106 | DEBUG    | shaclgen.shaclgen:extract_classes:30 - Class: https://w3id.org/hacid/onto/ccso/GreenhouseGasConcentrationPathway
2026-10-07 09:23:14.107 | DEBUG    | shaclgen.shaclgen:extract_classes:30 - Class: https://w3id.org/hacid/onto/ccso/SharedSocioeconomicPathway
2026-10-07 09:23:14.107 | DEBUG    | shaclgen.shaclgen:extract_classes:30 - Class: https://w3id.org/hacid/onto/ccso/SingleSimulation
2026-10-07 09:23:14.170 | DEBUG    | shaclgen.shaclgen:extract_classes:30 - Class: https://w3id.org/hacid/onto/ccso/PerturbedParameterClimateEnsembleSimulation
2026-10-07 09:23:14.174 | DEBUG    | shaclgen.shaclgen:extract_classes:30 - Class: https://w3id.org/hacid/onto/ccso/DynamicalDownscaling
2026-10-07 09:23:14.251 | DEBUG    | shaclgen.shaclgen:extract_classes:30 - Class: https://w3id.org/hacid/onto/ccso/EnsembleSimulation
2026-10-07 09:23:14.277 | DEBUG    | shaclgen.shaclgen:extract_classes:30 - Class: https://w3id.org/hacid/onto/top-level/UnitOfMeasure
2026-10-07 09:23:14.280 | DEBUG    | shaclgen.shaclgen:extract_classes:30 - Class: https://w3id.org/hacid/onto/top-level/Amount
2026-10-07 09:23:14.281 | DEBUG    | shaclgen.shaclgen:extract_classes:30 - Class: https://w3id.org/hacid/onto/data/Variable
2026-10-07 09:23:14.395 | DEBUG    | shaclgen.shaclgen:extract_classes:30 - Class: https://w3id.org/hacid/onto/top-level/Method
2026-10-07 09:23:14.396 | DEBUG    | shaclgen.shaclgen:extract_classes:30 - Class: https://w3id.org/hacid/onto/top-level/InformationRole
2026-10-07 09:23:14.398 | DEBUG    | shaclgen.shaclgen:extract_classes:30 - Class: https://w3id.org/hacid/onto/top-level/Operation
2026-10-07 09:23:14.400 | DEBUG    | shaclgen.shaclgen:extract_classes:30 - Class: http://www.w3.org/2002/07/owl#ObjectProperty
2026-10-07 09:23:14.404 | DEBUG    | shaclgen.shaclgen:extract_classes:30 - Class: http://www.w3.org/2002/07/owl#DatatypeProperty
2026-10-07 09:23:14.404 | DEBUG    | shaclgen.shaclgen:extract_classes:30 - Class: http://www.w3.org/2002/07/owl#Ontology
2026-10-07 09:23:14.405 | DEBUG    | shaclgen.shaclgen:extract_classes:30 - Class: http://www.w3.org/2002/07/owl#SymmetricProperty
2026-10-07 09:23:14.405 | DEBUG    | shaclgen.shaclgen:extract_classes:30 - Class: http://www.w3.org/2002/07/owl#TransitiveProperty
2026-10-07 09:23:14.405 | DEBUG    | shaclgen.shaclgen:extract_classes:30 - Class: http://www.w3.org/2002/07/owl#AsymmetricProperty
2026-10-07 09:23:14.406 | DEBUG    | shaclgen.shaclgen:extract_classes:30 - Class: http://www.w3.org/2002/07/owl#ReflexiveProperty
2026-10-07 09:23:14.406 | DEBUG    | shaclgen.shaclgen:extract_classes:30 - Class: http://www.w3.org/2002/07/owl#Restriction
2026-10-07 09:23:14.407 | INFO     | shaclgen.shaclgen:gen_graph:122 - Properties …
2026-10-07 09:23:17.861 | DEBUG    | shaclgen.shaclgen:extract_props:37 - Property: https://w3id.org/hacid/onto/data/holdsSpecializationOfVariable
2026-10-07 09:23:17.862 | DEBUG    | shaclgen.shaclgen:extract_props_subj_types:56 - Property subject types: https://w3id.org/hacid/onto/data/holdsSpecializationOfVariable
2026-10-07 09:23:46.940 | DEBUG    | shaclgen.shaclgen:extract_props_obj_types:73 - Property object types: https://w3id.org/hacid/onto/data/holdsSpecializationOfVariable
2026-10-07 09:25:14.454 | DEBUG    | shaclgen.shaclgen:extract_props:37 - Property: https://w3id.org/hacid/onto/top-level/hasComponent
2026-10-07 09:25:14.454 | DEBUG    | shaclgen.shaclgen:extract_props_subj_types:56 - Property subject types: https://w3id.org/hacid/onto/top-level/hasComponent
2026-10-07 09:25:39.996 | DEBUG    | shaclgen.shaclgen:extract_props_obj_types:73 - Property object types: https://w3id.org/hacid/onto/top-level/hasComponent
2026-10-07 09:27:29.381 | DEBUG    | shaclgen.shaclgen:extract_props:37 - Property: https://w3id.org/hacid/onto/data/dependsOnVariable
2026-10-07 09:27:29.382 | DEBUG    | shaclgen.shaclgen:extract_props_subj_types:56 - Property subject types: https://w3id.org/hacid/onto/data/dependsOnVariable
2026-10-07 09:28:25.115 | DEBUG    | shaclgen.shaclgen:extract_props_obj_types:73 - Property object types: https://w3id.org/hacid/onto/data/dependsOnVariable
2026-10-07 09:33:06.311 | DEBUG    | shaclgen.shaclgen:extract_props:37 - Property: https://w3id.org/hacid/onto/data/isSpecializationOfVariable
2026-10-07 09:33:06.312 | DEBUG    | shaclgen.shaclgen:extract_props_subj_types:56 - Property subject types: https://w3id.org/hacid/onto/data/isSpecializationOfVariable
2026-10-07 09:33:37.836 | DEBUG    | shaclgen.shaclgen:extract_props_obj_types:73 - Property object types: https://w3id.org/hacid/onto/data/isSpecializationOfVariable
2026-10-07 09:35:48.145 | DEBUG    | shaclgen.shaclgen:extract_props:37 - Property: http://www.w3.org/2000/01/rdf-schema#label
2026-10-07 09:35:48.146 | DEBUG    | shaclgen.shaclgen:extract_props_subj_types:56 - Property subject types: http://www.w3.org/2000/01/rdf-schema#label
2026-10-07 09:36:23.456 | DEBUG    | shaclgen.shaclgen:extract_props_obj_types:73 - Property object types: http://www.w3.org/2000/01/rdf-schema#label
2026-10-07 09:38:45.094 | DEBUG    | shaclgen.shaclgen:extract_props:37 - Property: https://w3id.org/hacid/onto/data/isSpecializedAccordingTo
2026-10-07 09:38:45.094 | DEBUG    | shaclgen.shaclgen:extract_props_subj_types:56 - Property subject types: https://w3id.org/hacid/onto/data/isSpecializedAccordingTo
2026-10-07 09:39:26.044 | DEBUG    | shaclgen.shaclgen:extract_props_obj_types:73 - Property object types: https://w3id.org/hacid/onto/data/isSpecializedAccordingTo
2026-10-07 09:42:22.348 | DEBUG    | shaclgen.shaclgen:extract_props:37 - Property: https://w3id.org/hacid/onto/data/hasOutput
2026-10-07 09:42:22.348 | DEBUG    | shaclgen.shaclgen:extract_props_subj_types:56 - Property subject types: https://w3id.org/hacid/onto/data/hasOutput
2026-10-07 09:42:33.610 | DEBUG    | shaclgen.shaclgen:extract_props_obj_types:73 - Property object types: https://w3id.org/hacid/onto/data/hasOutput
2026-10-07 09:42:36.781 | DEBUG    | shaclgen.shaclgen:extract_props:37 - Property: https://w3id.org/hacid/onto/ccso/refersToScenario
2026-10-07 09:42:36.782 | DEBUG    | shaclgen.shaclgen:extract_props_subj_types:56 - Property subject types: https://w3id.org/hacid/onto/ccso/refersToScenario
2026-10-07 09:42:52.806 | DEBUG    | shaclgen.shaclgen:extract_props_obj_types:73 - Property object types: https://w3id.org/hacid/onto/ccso/refersToScenario
2026-10-07 09:43:19.368 | DEBUG    | shaclgen.shaclgen:extract_props:37 - Property: http://www.w3.org/2000/01/rdf-schema#comment
2026-10-07 09:43:19.369 | DEBUG    | shaclgen.shaclgen:extract_props_subj_types:56 - Property subject types: http://www.w3.org/2000/01/rdf-schema#comment
2026-10-07 09:43:28.789 | DEBUG    | shaclgen.shaclgen:extract_props_obj_types:73 - Property object types: http://www.w3.org/2000/01/rdf-schema#comment
2026-10-07 09:43:31.683 | DEBUG    | shaclgen.shaclgen:extract_props:37 - Property: https://w3id.org/hacid/onto/data/hasStartDateTime
2026-10-07 09:43:31.683 | DEBUG    | shaclgen.shaclgen:extract_props_subj_types:56 - Property subject types: https://w3id.org/hacid/onto/data/hasStartDateTime
2026-10-07 09:43:40.678 | DEBUG    | shaclgen.shaclgen:extract_props_obj_types:73 - Property object types: https://w3id.org/hacid/onto/data/hasStartDateTime
2026-10-07 09:43:41.185 | DEBUG    | shaclgen.shaclgen:extract_props:37 - Property: https://w3id.org/hacid/onto/data/basedOnDimensionalSpace
2026-10-07 09:43:41.185 | DEBUG    | shaclgen.shaclgen:extract_props_subj_types:56 - Property subject types: https://w3id.org/hacid/onto/data/basedOnDimensionalSpace
2026-10-07 09:43:50.268 | DEBUG    | shaclgen.shaclgen:extract_props_obj_types:73 - Property object types: https://w3id.org/hacid/onto/data/basedOnDimensionalSpace
2026-10-07 09:43:51.536 | DEBUG    | shaclgen.shaclgen:extract_props:37 - Property: https://w3id.org/hacid/onto/data/hasExactBoundingRegion
2026-10-07 09:43:51.537 | DEBUG    | shaclgen.shaclgen:extract_props_subj_types:56 - Property subject types: https://w3id.org/hacid/onto/data/hasExactBoundingRegion
2026-10-07 09:44:02.164 | DEBUG    | shaclgen.shaclgen:extract_props_obj_types:73 - Property object types: https://w3id.org/hacid/onto/data/hasExactBoundingRegion
2026-10-07 09:44:03.390 | DEBUG    | shaclgen.shaclgen:extract_props:37 - Property: https://w3id.org/hacid/onto/top-level/isMemberOf
2026-10-07 09:44:03.390 | DEBUG    | shaclgen.shaclgen:extract_props_subj_types:56 - Property subject types: https://w3id.org/hacid/onto/top-level/isMemberOf
2026-10-07 09:44:14.031 | DEBUG    | shaclgen.shaclgen:extract_props_obj_types:73 - Property object types: https://w3id.org/hacid/onto/top-level/isMemberOf
2026-10-07 09:44:15.804 | DEBUG    | shaclgen.shaclgen:extract_props:37 - Property: https://w3id.org/hacid/onto/data/hasValuesOn
2026-10-07 09:44:15.804 | DEBUG    | shaclgen.shaclgen:extract_props_subj_types:56 - Property subject types: https://w3id.org/hacid/onto/data/hasValuesOn
2026-10-07 09:44:25.386 | DEBUG    | shaclgen.shaclgen:extract_props_obj_types:73 - Property object types: https://w3id.org/hacid/onto/data/hasValuesOn
2026-10-07 09:44:29.507 | DEBUG    | shaclgen.shaclgen:extract_props:37 - Property: https://w3id.org/hacid/onto/data/hasDiscretization
2026-10-07 09:44:29.508 | DEBUG    | shaclgen.shaclgen:extract_props_subj_types:56 - Property subject types: https://w3id.org/hacid/onto/data/hasDiscretization
2026-10-07 09:44:38.696 | DEBUG    | shaclgen.shaclgen:extract_props_obj_types:73 - Property object types: https://w3id.org/hacid/onto/data/hasDiscretization
2026-10-07 09:44:40.516 | DEBUG    | shaclgen.shaclgen:extract_props:37 - Property: https://w3id.org/hacid/onto/top-level/hasUnitOfMeasure
2026-10-07 09:44:40.517 | DEBUG    | shaclgen.shaclgen:extract_props_subj_types:56 - Property subject types: https://w3id.org/hacid/onto/top-level/hasUnitOfMeasure
2026-10-07 09:44:49.699 | DEBUG    | shaclgen.shaclgen:extract_props_obj_types:73 - Property object types: https://w3id.org/hacid/onto/top-level/hasUnitOfMeasure
2026-10-07 09:44:53.359 | DEBUG    | shaclgen.shaclgen:extract_props:37 - Property: https://w3id.org/hacid/onto/ccso/usesModel
2026-10-07 09:44:53.359 | DEBUG    | shaclgen.shaclgen:extract_props_subj_types:56 - Property subject types: https://w3id.org/hacid/onto/ccso/usesModel
2026-10-07 09:45:03.727 | DEBUG    | shaclgen.shaclgen:extract_props_obj_types:73 - Property object types: https://w3id.org/hacid/onto/ccso/usesModel
2026-10-07 09:45:05.022 | DEBUG    | shaclgen.shaclgen:extract_props:37 - Property: https://w3id.org/hacid/onto/ccso/isDownscalingOf
2026-10-07 09:45:05.023 | DEBUG    | shaclgen.shaclgen:extract_props_subj_types:56 - Property subject types: https://w3id.org/hacid/onto/ccso/isDownscalingOf
2026-10-07 09:45:14.512 | DEBUG    | shaclgen.shaclgen:extract_props_obj_types:73 - Property object types: https://w3id.org/hacid/onto/ccso/isDownscalingOf
2026-10-07 09:45:15.361 | DEBUG    | shaclgen.shaclgen:extract_props:37 - Property: http://www.w3.org/1999/02/22-rdf-syntax-ns#first
2026-10-07 09:45:15.362 | DEBUG    | shaclgen.shaclgen:extract_props_subj_types:56 - Property subject types: http://www.w3.org/1999/02/22-rdf-syntax-ns#first
2026-10-07 09:45:15.366 | DEBUG    | shaclgen.shaclgen:extract_props_obj_types:73 - Property object types: http://www.w3.org/1999/02/22-rdf-syntax-ns#first
2026-10-07 09:45:15.399 | DEBUG    | shaclgen.shaclgen:extract_props:37 - Property: https://w3id.org/hacid/onto/top-level/hasMember
2026-10-07 09:45:15.400 | DEBUG    | shaclgen.shaclgen:extract_props_subj_types:56 - Property subject types: https://w3id.org/hacid/onto/top-level/hasMember
2026-10-07 09:45:24.024 | DEBUG    | shaclgen.shaclgen:extract_props_obj_types:73 - Property object types: https://w3id.org/hacid/onto/top-level/hasMember
2026-10-07 09:45:24.404 | DEBUG    | shaclgen.shaclgen:extract_props:37 - Property: http://www.w3.org/2000/01/rdf-schema#range
2026-10-07 09:45:24.405 | DEBUG    | shaclgen.shaclgen:extract_props_subj_types:56 - Property subject types: http://www.w3.org/2000/01/rdf-schema#range
2026-10-07 09:45:33.605 | DEBUG    | shaclgen.shaclgen:extract_props_obj_types:73 - Property object types: http://www.w3.org/2000/01/rdf-schema#range
2026-10-07 09:45:33.699 | DEBUG    | shaclgen.shaclgen:extract_props:37 - Property: http://www.w3.org/2000/01/rdf-schema#domain
2026-10-07 09:45:33.700 | DEBUG    | shaclgen.shaclgen:extract_props_subj_types:56 - Property subject types: http://www.w3.org/2000/01/rdf-schema#domain
2026-10-07 09:45:42.596 | DEBUG    | shaclgen.shaclgen:extract_props_obj_types:73 - Property object types: http://www.w3.org/2000/01/rdf-schema#domain
2026-10-07 09:45:42.677 | DEBUG    | shaclgen.shaclgen:extract_props:37 - Property: https://w3id.org/hacid/onto/data/hasEndDateTime
2026-10-07 09:45:42.677 | DEBUG    | shaclgen.shaclgen:extract_props_subj_types:56 - Property subject types: https://w3id.org/hacid/onto/data/hasEndDateTime
2026-10-07 09:45:51.606 | DEBUG    | shaclgen.shaclgen:extract_props_obj_types:73 - Property object types: https://w3id.org/hacid/onto/data/hasEndDateTime
2026-10-07 09:45:52.244 | DEBUG    | shaclgen.shaclgen:extract_props:37 - Property: https://w3id.org/hacid/onto/top-level/isClassifiedBy
2026-10-07 09:45:52.245 | DEBUG    | shaclgen.shaclgen:extract_props_subj_types:56 - Property subject types: https://w3id.org/hacid/onto/top-level/isClassifiedBy
2026-10-07 09:46:01.795 | DEBUG    | shaclgen.shaclgen:extract_props_obj_types:73 - Property object types: https://w3id.org/hacid/onto/top-level/isClassifiedBy
2026-10-07 09:46:02.068 | DEBUG    | shaclgen.shaclgen:extract_props:37 - Property: https://w3id.org/hacid/onto/data/isSpecializationOn
2026-10-07 09:46:02.068 | DEBUG    | shaclgen.shaclgen:extract_props_subj_types:56 - Property subject types: https://w3id.org/hacid/onto/data/isSpecializationOn
2026-10-07 09:46:10.831 | DEBUG    | shaclgen.shaclgen:extract_props_obj_types:73 - Property object types: https://w3id.org/hacid/onto/data/isSpecializationOn
2026-10-07 09:46:11.391 | DEBUG    | shaclgen.shaclgen:extract_props:37 - Property: http://www.w3.org/2000/01/rdf-schema#isDefinedBy
2026-10-07 09:46:11.391 | DEBUG    | shaclgen.shaclgen:extract_props_subj_types:56 - Property subject types: http://www.w3.org/2000/01/rdf-schema#isDefinedBy
2026-10-07 09:46:20.243 | DEBUG    | shaclgen.shaclgen:extract_props_obj_types:73 - Property object types: http://www.w3.org/2000/01/rdf-schema#isDefinedBy
2026-10-07 09:46:20.341 | DEBUG    | shaclgen.shaclgen:extract_props:37 - Property: https://w3id.org/hacid/onto/data/aggregatesVariable
2026-10-07 09:46:20.341 | DEBUG    | shaclgen.shaclgen:extract_props_subj_types:56 - Property subject types: https://w3id.org/hacid/onto/data/aggregatesVariable
2026-10-07 09:46:28.671 | DEBUG    | shaclgen.shaclgen:extract_props_obj_types:73 - Property object types: https://w3id.org/hacid/onto/data/aggregatesVariable
2026-10-07 09:46:28.774 | DEBUG    | shaclgen.shaclgen:extract_props:37 - Property: https://w3id.org/hacid/onto/top-level/acronym
2026-10-07 09:46:28.775 | DEBUG    | shaclgen.shaclgen:extract_props_subj_types:56 - Property subject types: https://w3id.org/hacid/onto/top-level/acronym
2026-10-07 09:46:38.377 | DEBUG    | shaclgen.shaclgen:extract_props_obj_types:73 - Property object types: https://w3id.org/hacid/onto/top-level/acronym
2026-10-07 09:46:38.745 | DEBUG    | shaclgen.shaclgen:extract_props:37 - Property: https://w3id.org/hacid/onto/data/hasSelectedRegion
2026-10-07 09:46:38.746 | DEBUG    | shaclgen.shaclgen:extract_props_subj_types:56 - Property subject types: https://w3id.org/hacid/onto/data/hasSelectedRegion
2026-10-07 09:46:48.190 | DEBUG    | shaclgen.shaclgen:extract_props_obj_types:73 - Property object types: https://w3id.org/hacid/onto/data/hasSelectedRegion
2026-10-07 09:46:48.792 | DEBUG    | shaclgen.shaclgen:extract_props:37 - Property: https://w3id.org/hacid/onto/top-level/inScheme
2026-10-07 09:46:48.792 | DEBUG    | shaclgen.shaclgen:extract_props_subj_types:56 - Property subject types: https://w3id.org/hacid/onto/top-level/inScheme
2026-10-07 09:46:57.521 | DEBUG    | shaclgen.shaclgen:extract_props_obj_types:73 - Property object types: https://w3id.org/hacid/onto/top-level/inScheme
2026-10-07 09:46:57.608 | DEBUG    | shaclgen.shaclgen:extract_props:37 - Property: https://w3id.org/hacid/onto/data/definesAggregation
2026-10-07 09:46:57.609 | DEBUG    | shaclgen.shaclgen:extract_props_subj_types:56 - Property subject types: https://w3id.org/hacid/onto/data/definesAggregation
2026-10-07 09:47:06.184 | DEBUG    | shaclgen.shaclgen:extract_props_obj_types:73 - Property object types: https://w3id.org/hacid/onto/data/definesAggregation
2026-10-07 09:47:06.244 | DEBUG    | shaclgen.shaclgen:extract_props:37 - Property: https://w3id.org/hacid/onto/ccso/productId
2026-10-07 09:47:06.245 | DEBUG    | shaclgen.shaclgen:extract_props_subj_types:56 - Property subject types: https://w3id.org/hacid/onto/ccso/productId
2026-10-07 09:47:16.185 | DEBUG    | shaclgen.shaclgen:extract_props_obj_types:73 - Property object types: https://w3id.org/hacid/onto/ccso/productId
2026-10-07 09:47:16.418 | DEBUG    | shaclgen.shaclgen:extract_props:37 - Property: https://w3id.org/hacid/onto/top-level/isSpecializedBy
2026-10-07 09:47:16.419 | DEBUG    | shaclgen.shaclgen:extract_props_subj_types:56 - Property subject types: https://w3id.org/hacid/onto/top-level/isSpecializedBy
2026-10-07 09:47:25.952 | DEBUG    | shaclgen.shaclgen:extract_props_obj_types:73 - Property object types: https://w3id.org/hacid/onto/top-level/isSpecializedBy
2026-10-07 09:47:26.028 | DEBUG    | shaclgen.shaclgen:extract_props:37 - Property: https://w3id.org/hacid/onto/data/derivedFromVariable
2026-10-07 09:47:26.029 | DEBUG    | shaclgen.shaclgen:extract_props_subj_types:56 - Property subject types: https://w3id.org/hacid/onto/data/derivedFromVariable
2026-10-07 09:47:35.588 | DEBUG    | shaclgen.shaclgen:extract_props_obj_types:73 - Property object types: https://w3id.org/hacid/onto/data/derivedFromVariable
2026-10-07 09:47:35.726 | DEBUG    | shaclgen.shaclgen:extract_props:37 - Property: https://w3id.org/hacid/onto/top-level/definition
2026-10-07 09:47:35.727 | DEBUG    | shaclgen.shaclgen:extract_props_subj_types:56 - Property subject types: https://w3id.org/hacid/onto/top-level/definition
2026-10-07 09:47:44.383 | DEBUG    | shaclgen.shaclgen:extract_props_obj_types:73 - Property object types: https://w3id.org/hacid/onto/top-level/definition
2026-10-07 09:47:44.664 | DEBUG    | shaclgen.shaclgen:extract_props:37 - Property: https://w3id.org/hacid/onto/ccso/isMaintainedBy
2026-10-07 09:47:44.664 | DEBUG    | shaclgen.shaclgen:extract_props_subj_types:56 - Property subject types: https://w3id.org/hacid/onto/ccso/isMaintainedBy
2026-10-07 09:47:53.204 | DEBUG    | shaclgen.shaclgen:extract_props_obj_types:73 - Property object types: https://w3id.org/hacid/onto/ccso/isMaintainedBy
2026-10-07 09:47:53.295 | DEBUG    | shaclgen.shaclgen:extract_props:37 - Property: https://w3id.org/hacid/onto/top-level/altLabel
2026-10-07 09:47:53.295 | DEBUG    | shaclgen.shaclgen:extract_props_subj_types:56 - Property subject types: https://w3id.org/hacid/onto/top-level/altLabel
2026-10-07 09:48:02.031 | DEBUG    | shaclgen.shaclgen:extract_props_obj_types:73 - Property object types: https://w3id.org/hacid/onto/top-level/altLabel
2026-10-07 09:48:02.386 | DEBUG    | shaclgen.shaclgen:extract_props:37 - Property: https://w3id.org/hacid/onto/data/isRegionOf
2026-10-07 09:48:02.387 | DEBUG    | shaclgen.shaclgen:extract_props_subj_types:56 - Property subject types: https://w3id.org/hacid/onto/data/isRegionOf
2026-10-07 09:48:11.082 | DEBUG    | shaclgen.shaclgen:extract_props_obj_types:73 - Property object types: https://w3id.org/hacid/onto/data/isRegionOf
2026-10-07 09:48:11.155 | DEBUG    | shaclgen.shaclgen:extract_props:37 - Property: https://w3id.org/hacid/onto/top-level/componentIdentifier
2026-10-07 09:48:11.155 | DEBUG    | shaclgen.shaclgen:extract_props_subj_types:56 - Property subject types: https://w3id.org/hacid/onto/top-level/componentIdentifier
2026-10-07 09:48:20.039 | DEBUG    | shaclgen.shaclgen:extract_props_obj_types:73 - Property object types: https://w3id.org/hacid/onto/top-level/componentIdentifier
2026-10-07 09:48:20.231 | DEBUG    | shaclgen.shaclgen:extract_props:37 - Property: https://w3id.org/hacid/onto/top-level/classifies
2026-10-07 09:48:20.232 | DEBUG    | shaclgen.shaclgen:extract_props_subj_types:56 - Property subject types: https://w3id.org/hacid/onto/top-level/classifies
2026-10-07 09:48:28.838 | DEBUG    | shaclgen.shaclgen:extract_props_obj_types:73 - Property object types: https://w3id.org/hacid/onto/top-level/classifies
2026-10-07 09:48:29.379 | DEBUG    | shaclgen.shaclgen:extract_props:37 - Property: https://w3id.org/hacid/onto/top-level/hasExpectedType
2026-10-07 09:48:29.380 | DEBUG    | shaclgen.shaclgen:extract_props_subj_types:56 - Property subject types: https://w3id.org/hacid/onto/top-level/hasExpectedType
2026-10-07 09:48:38.290 | DEBUG    | shaclgen.shaclgen:extract_props_obj_types:73 - Property object types: https://w3id.org/hacid/onto/top-level/hasExpectedType
2026-10-07 09:48:38.559 | DEBUG    | shaclgen.shaclgen:extract_props:37 - Property: https://w3id.org/hacid/onto/ccso/hasIndicator
2026-10-07 09:48:38.559 | DEBUG    | shaclgen.shaclgen:extract_props_subj_types:56 - Property subject types: https://w3id.org/hacid/onto/ccso/hasIndicator
2026-10-07 09:48:48.521 | DEBUG    | shaclgen.shaclgen:extract_props_obj_types:73 - Property object types: https://w3id.org/hacid/onto/ccso/hasIndicator
2026-10-07 09:48:48.659 | DEBUG    | shaclgen.shaclgen:extract_props:37 - Property: http://www.w3.org/2004/02/skos/core#scopeNote
2026-10-07 09:48:48.660 | DEBUG    | shaclgen.shaclgen:extract_props_subj_types:56 - Property subject types: http://www.w3.org/2004/02/skos/core#scopeNote
2026-10-07 09:48:57.591 | DEBUG    | shaclgen.shaclgen:extract_props_obj_types:73 - Property object types: http://www.w3.org/2004/02/skos/core#scopeNote
2026-10-07 09:48:57.909 | DEBUG    | shaclgen.shaclgen:extract_props:37 - Property: http://www.w3.org/2000/01/rdf-schema#subClassOf
2026-10-07 09:48:57.909 | DEBUG    | shaclgen.shaclgen:extract_props_subj_types:56 - Property subject types: http://www.w3.org/2000/01/rdf-schema#subClassOf
2026-10-07 09:49:07.503 | DEBUG    | shaclgen.shaclgen:extract_props_obj_types:73 - Property object types: http://www.w3.org/2000/01/rdf-schema#subClassOf
2026-10-07 09:49:08.005 | DEBUG    | shaclgen.shaclgen:extract_props:37 - Property: https://w3id.org/hacid/onto/data/hasResolutionValue
2026-10-07 09:49:08.006 | DEBUG    | shaclgen.shaclgen:extract_props_subj_types:56 - Property subject types: https://w3id.org/hacid/onto/data/hasResolutionValue
2026-10-07 09:49:16.857 | DEBUG    | shaclgen.shaclgen:extract_props_obj_types:73 - Property object types: https://w3id.org/hacid/onto/data/hasResolutionValue
2026-10-07 09:49:16.988 | DEBUG    | shaclgen.shaclgen:extract_props:37 - Property: http://www.opengis.net/ont/geosparql#asWKT
2026-10-07 09:49:16.988 | DEBUG    | shaclgen.shaclgen:extract_props_subj_types:56 - Property subject types: http://www.opengis.net/ont/geosparql#asWKT
2026-10-07 09:49:16.997 | DEBUG    | shaclgen.shaclgen:extract_props_obj_types:73 - Property object types: http://www.opengis.net/ont/geosparql#asWKT
2026-10-07 09:49:17.318 | DEBUG    | shaclgen.shaclgen:extract_props:37 - Property: https://w3id.org/hacid/onto/data/hasSuggestedQuantization
2026-10-07 09:49:17.318 | DEBUG    | shaclgen.shaclgen:extract_props_subj_types:56 - Property subject types: https://w3id.org/hacid/onto/data/hasSuggestedQuantization
2026-10-07 09:49:26.700 | DEBUG    | shaclgen.shaclgen:extract_props_obj_types:73 - Property object types: https://w3id.org/hacid/onto/data/hasSuggestedQuantization
2026-10-07 09:49:27.866 | DEBUG    | shaclgen.shaclgen:extract_props:37 - Property: http://www.w3.org/2002/07/owl#someValuesFrom
2026-10-07 09:49:27.867 | DEBUG    | shaclgen.shaclgen:extract_props_subj_types:56 - Property subject types: http://www.w3.org/2002/07/owl#someValuesFrom
2026-10-07 09:49:37.879 | DEBUG    | shaclgen.shaclgen:extract_props_obj_types:73 - Property object types: http://www.w3.org/2002/07/owl#someValuesFrom
2026-10-07 09:49:38.056 | DEBUG    | shaclgen.shaclgen:extract_props:37 - Property: https://w3id.org/hacid/onto/top-level/definesRole
2026-10-07 09:49:38.057 | DEBUG    | shaclgen.shaclgen:extract_props_subj_types:56 - Property subject types: https://w3id.org/hacid/onto/top-level/definesRole
2026-10-07 09:49:47.262 | DEBUG    | shaclgen.shaclgen:extract_props_obj_types:73 - Property object types: https://w3id.org/hacid/onto/top-level/definesRole
2026-10-07 09:49:47.723 | DEBUG    | shaclgen.shaclgen:extract_props:37 - Property: http://www.w3.org/2002/07/owl#disjointWith
2026-10-07 09:49:47.723 | DEBUG    | shaclgen.shaclgen:extract_props_subj_types:56 - Property subject types: http://www.w3.org/2002/07/owl#disjointWith
2026-10-07 09:49:56.340 | DEBUG    | shaclgen.shaclgen:extract_props_obj_types:73 - Property object types: http://www.w3.org/2002/07/owl#disjointWith
2026-10-07 09:49:56.954 | DEBUG    | shaclgen.shaclgen:extract_props:37 - Property: http://www.w3.org/1999/02/22-rdf-syntax-ns#rest
2026-10-07 09:49:56.955 | DEBUG    | shaclgen.shaclgen:extract_props_subj_types:56 - Property subject types: http://www.w3.org/1999/02/22-rdf-syntax-ns#rest
2026-10-07 09:49:56.961 | DEBUG    | shaclgen.shaclgen:extract_props_obj_types:73 - Property object types: http://www.w3.org/1999/02/22-rdf-syntax-ns#rest
2026-10-07 09:49:57.203 | DEBUG    | shaclgen.shaclgen:extract_props:37 - Property: https://w3id.org/hacid/onto/ccso/refersToGlobalWarmingLevel
2026-10-07 09:49:57.203 | DEBUG    | shaclgen.shaclgen:extract_props_subj_types:56 - Property subject types: https://w3id.org/hacid/onto/ccso/refersToGlobalWarmingLevel
2026-10-07 09:50:07.070 | DEBUG    | shaclgen.shaclgen:extract_props_obj_types:73 - Property object types: https://w3id.org/hacid/onto/ccso/refersToGlobalWarmingLevel
2026-10-07 09:50:07.363 | DEBUG    | shaclgen.shaclgen:extract_props:37 - Property: http://www.w3.org/2002/07/owl#onProperty
2026-10-07 09:50:07.364 | DEBUG    | shaclgen.shaclgen:extract_props_subj_types:56 - Property subject types: http://www.w3.org/2002/07/owl#onProperty
2026-10-07 09:50:15.703 | DEBUG    | shaclgen.shaclgen:extract_props_obj_types:73 - Property object types: http://www.w3.org/2002/07/owl#onProperty
2026-10-07 09:50:16.232 | DEBUG    | shaclgen.shaclgen:extract_props:37 - Property: http://www.w3.org/2000/01/rdf-schema#subPropertyOf
2026-10-07 09:50:16.232 | DEBUG    | shaclgen.shaclgen:extract_props_subj_types:56 - Property subject types: http://www.w3.org/2000/01/rdf-schema#subPropertyOf
2026-10-07 09:50:25.311 | DEBUG    | shaclgen.shaclgen:extract_props_obj_types:73 - Property object types: http://www.w3.org/2000/01/rdf-schema#subPropertyOf
2026-10-07 09:50:25.786 | DEBUG    | shaclgen.shaclgen:extract_props:37 - Property: https://w3id.org/hacid/onto/data/isEquivalentTo
2026-10-07 09:50:25.786 | DEBUG    | shaclgen.shaclgen:extract_props_subj_types:56 - Property subject types: https://w3id.org/hacid/onto/data/isEquivalentTo
2026-10-07 09:50:36.286 | DEBUG    | shaclgen.shaclgen:extract_props_obj_types:73 - Property object types: https://w3id.org/hacid/onto/data/isEquivalentTo
2026-10-07 09:50:37.309 | DEBUG    | shaclgen.shaclgen:extract_props:37 - Property: http://www.w3.org/2002/07/owl#allValuesFrom
2026-10-07 09:50:37.310 | DEBUG    | shaclgen.shaclgen:extract_props_subj_types:56 - Property subject types: http://www.w3.org/2002/07/owl#allValuesFrom
2026-10-07 09:50:46.568 | DEBUG    | shaclgen.shaclgen:extract_props_obj_types:73 - Property object types: http://www.w3.org/2002/07/owl#allValuesFrom
2026-10-07 09:50:46.820 | DEBUG    | shaclgen.shaclgen:extract_props:37 - Property: http://www.w3.org/2002/07/owl#inverseOf
2026-10-07 09:50:46.820 | DEBUG    | shaclgen.shaclgen:extract_props_subj_types:56 - Property subject types: http://www.w3.org/2002/07/owl#inverseOf
2026-10-07 09:50:55.166 | DEBUG    | shaclgen.shaclgen:extract_props_obj_types:73 - Property object types: http://www.w3.org/2002/07/owl#inverseOf
2026-10-07 09:50:55.382 | DEBUG    | shaclgen.shaclgen:extract_props:37 - Property: http://www.w3.org/2002/07/owl#intersectionOf
2026-10-07 09:50:55.382 | DEBUG    | shaclgen.shaclgen:extract_props_subj_types:56 - Property subject types: http://www.w3.org/2002/07/owl#intersectionOf
2026-10-07 09:51:04.105 | DEBUG    | shaclgen.shaclgen:extract_props_obj_types:73 - Property object types: http://www.w3.org/2002/07/owl#intersectionOf
2026-10-07 09:51:06.613 | DEBUG    | shaclgen.shaclgen:extract_props:37 - Property: https://w3id.org/hacid/onto/top-level/isRelatedToConcept
2026-10-07 09:51:06.613 | DEBUG    | shaclgen.shaclgen:extract_props_subj_types:56 - Property subject types: https://w3id.org/hacid/onto/top-level/isRelatedToConcept
2026-10-07 09:51:15.207 | DEBUG    | shaclgen.shaclgen:extract_props_obj_types:73 - Property object types: https://w3id.org/hacid/onto/top-level/isRelatedToConcept
2026-10-07 09:51:21.289 | DEBUG    | shaclgen.shaclgen:extract_props:37 - Property: http://www.w3.org/2002/07/owl#imports
2026-10-07 09:51:21.289 | DEBUG    | shaclgen.shaclgen:extract_props_subj_types:56 - Property subject types: http://www.w3.org/2002/07/owl#imports
2026-10-07 09:51:31.089 | DEBUG    | shaclgen.shaclgen:extract_props_obj_types:73 - Property object types: http://www.w3.org/2002/07/owl#imports
2026-10-07 09:51:33.782 | DEBUG    | shaclgen.shaclgen:extract_props:37 - Property: https://w3id.org/hacid/onto/top-level/isConstituentOf
2026-10-07 09:51:33.783 | DEBUG    | shaclgen.shaclgen:extract_props_subj_types:56 - Property subject types: https://w3id.org/hacid/onto/top-level/isConstituentOf
2026-10-07 09:51:42.406 | DEBUG    | shaclgen.shaclgen:extract_props_obj_types:73 - Property object types: https://w3id.org/hacid/onto/top-level/isConstituentOf
2026-10-07 09:51:45.546 | DEBUG    | shaclgen.shaclgen:extract_props:37 - Property: https://w3id.org/hacid/onto/data/hasSubDimensionalSpace
2026-10-07 09:51:45.547 | DEBUG    | shaclgen.shaclgen:extract_props_subj_types:56 - Property subject types: https://w3id.org/hacid/onto/data/hasSubDimensionalSpace
2026-10-07 09:51:54.853 | DEBUG    | shaclgen.shaclgen:extract_props_obj_types:73 - Property object types: https://w3id.org/hacid/onto/data/hasSubDimensionalSpace
2026-10-07 09:51:56.591 | DEBUG    | shaclgen.shaclgen:extract_props:37 - Property: https://w3id.org/hacid/onto/data/hasInPeriodResolutionValue
2026-10-07 09:51:56.592 | DEBUG    | shaclgen.shaclgen:extract_props_subj_types:56 - Property subject types: https://w3id.org/hacid/onto/data/hasInPeriodResolutionValue
2026-10-07 09:52:05.907 | DEBUG    | shaclgen.shaclgen:extract_props_obj_types:73 - Property object types: https://w3id.org/hacid/onto/data/hasInPeriodResolutionValue
2026-10-07 09:52:06.094 | DEBUG    | shaclgen.shaclgen:extract_props:37 - Property: https://w3id.org/hacid/onto/data/hasReferencePoint
2026-10-07 09:52:06.095 | DEBUG    | shaclgen.shaclgen:extract_props_subj_types:56 - Property subject types: https://w3id.org/hacid/onto/data/hasReferencePoint
2026-10-07 09:52:14.829 | DEBUG    | shaclgen.shaclgen:extract_props_obj_types:73 - Property object types: https://w3id.org/hacid/onto/data/hasReferencePoint
2026-10-07 09:52:16.739 | DEBUG    | shaclgen.shaclgen:extract_props:37 - Property: https://w3id.org/hacid/onto/data/isPointOf
2026-10-07 09:52:16.740 | DEBUG    | shaclgen.shaclgen:extract_props_subj_types:56 - Property subject types: https://w3id.org/hacid/onto/data/isPointOf
2026-10-07 09:52:25.828 | DEBUG    | shaclgen.shaclgen:extract_props_obj_types:73 - Property object types: https://w3id.org/hacid/onto/data/isPointOf
2026-10-07 09:52:35.319 | DEBUG    | shaclgen.shaclgen:extract_props:37 - Property: http://www.w3.org/2002/07/owl#cardinality
2026-10-07 09:52:35.320 | DEBUG    | shaclgen.shaclgen:extract_props_subj_types:56 - Property subject types: http://www.w3.org/2002/07/owl#cardinality
2026-10-07 09:52:43.880 | DEBUG    | shaclgen.shaclgen:extract_props_obj_types:73 - Property object types: http://www.w3.org/2002/07/owl#cardinality
2026-10-07 09:52:47.377 | DEBUG    | shaclgen.shaclgen:extract_props:37 - Property: https://w3id.org/hacid/onto/data/hasPeriodValue
2026-10-07 09:52:47.377 | DEBUG    | shaclgen.shaclgen:extract_props_subj_types:56 - Property subject types: https://w3id.org/hacid/onto/data/hasPeriodValue
2026-10-07 09:52:56.089 | DEBUG    | shaclgen.shaclgen:extract_props_obj_types:73 - Property object types: https://w3id.org/hacid/onto/data/hasPeriodValue
2026-10-07 09:52:59.929 | DEBUG    | shaclgen.shaclgen:extract_props:37 - Property: http://www.w3.org/2002/07/owl#versionInfo
2026-10-07 09:52:59.929 | DEBUG    | shaclgen.shaclgen:extract_props_subj_types:56 - Property subject types: http://www.w3.org/2002/07/owl#versionInfo
2026-10-07 09:53:09.362 | DEBUG    | shaclgen.shaclgen:extract_props_obj_types:73 - Property object types: http://www.w3.org/2002/07/owl#versionInfo
2026-10-07 09:53:11.458 | DEBUG    | shaclgen.shaclgen:extract_props:37 - Property: http://www.w3.org/2002/07/owl#onDataRange
2026-10-07 09:53:11.459 | DEBUG    | shaclgen.shaclgen:extract_props_subj_types:56 - Property subject types: http://www.w3.org/2002/07/owl#onDataRange
2026-10-07 09:53:20.125 | DEBUG    | shaclgen.shaclgen:extract_props_obj_types:73 - Property object types: http://www.w3.org/2002/07/owl#onDataRange
2026-10-07 09:53:22.342 | DEBUG    | shaclgen.shaclgen:extract_props:37 - Property: https://w3id.org/hacid/onto/top-level/defines
2026-10-07 09:53:22.342 | DEBUG    | shaclgen.shaclgen:extract_props_subj_types:56 - Property subject types: https://w3id.org/hacid/onto/top-level/defines
2026-10-07 09:53:32.471 | DEBUG    | shaclgen.shaclgen:extract_props_obj_types:73 - Property object types: https://w3id.org/hacid/onto/top-level/defines
2026-10-07 09:53:33.826 | DEBUG    | shaclgen.shaclgen:extract_props:37 - Property: http://www.w3.org/2002/07/owl#hasValue
2026-10-07 09:53:33.827 | DEBUG    | shaclgen.shaclgen:extract_props_subj_types:56 - Property subject types: http://www.w3.org/2002/07/owl#hasValue
2026-10-07 09:53:42.381 | DEBUG    | shaclgen.shaclgen:extract_props_obj_types:73 - Property object types: http://www.w3.org/2002/07/owl#hasValue
2026-10-07 09:53:43.389 | DEBUG    | shaclgen.shaclgen:extract_props:37 - Property: http://www.w3.org/2002/07/owl#unionOf
2026-10-07 09:53:43.389 | DEBUG    | shaclgen.shaclgen:extract_props_subj_types:56 - Property subject types: http://www.w3.org/2002/07/owl#unionOf
2026-10-07 09:53:51.541 | DEBUG    | shaclgen.shaclgen:extract_props_obj_types:73 - Property object types: http://www.w3.org/2002/07/owl#unionOf
2026-10-07 09:53:52.160 | DEBUG    | shaclgen.shaclgen:extract_props:37 - Property: http://purl.org/dc/terms/title
2026-10-07 09:53:52.160 | DEBUG    | shaclgen.shaclgen:extract_props_subj_types:56 - Property subject types: http://purl.org/dc/terms/title
2026-10-07 09:53:52.165 | DEBUG    | shaclgen.shaclgen:extract_props_obj_types:73 - Property object types: http://purl.org/dc/terms/title
2026-10-07 09:53:54.019 | DEBUG    | shaclgen.shaclgen:extract_props:37 - Property: http://www.w3.org/1999/02/22-rdf-syntax-ns#value
2026-10-07 09:53:54.019 | DEBUG    | shaclgen.shaclgen:extract_props_subj_types:56 - Property subject types: http://www.w3.org/1999/02/22-rdf-syntax-ns#value
2026-10-07 09:54:03.133 | DEBUG    | shaclgen.shaclgen:extract_props_obj_types:73 - Property object types: http://www.w3.org/1999/02/22-rdf-syntax-ns#value
2026-10-07 09:54:08.107 | DEBUG    | shaclgen.shaclgen:extract_props:37 - Property: https://w3id.org/hacid/onto/data/hasOffsetValue
2026-10-07 09:54:08.107 | DEBUG    | shaclgen.shaclgen:extract_props_subj_types:56 - Property subject types: https://w3id.org/hacid/onto/data/hasOffsetValue
2026-10-07 09:54:17.140 | DEBUG    | shaclgen.shaclgen:extract_props_obj_types:73 - Property object types: https://w3id.org/hacid/onto/data/hasOffsetValue
2026-10-07 09:54:23.779 | DEBUG    | shaclgen.shaclgen:extract_props:37 - Property: http://www.w3.org/2002/07/owl#minCardinality
2026-10-07 09:54:23.780 | DEBUG    | shaclgen.shaclgen:extract_props_subj_types:56 - Property subject types: http://www.w3.org/2002/07/owl#minCardinality
2026-10-07 09:54:33.008 | DEBUG    | shaclgen.shaclgen:extract_props_obj_types:73 - Property object types: http://www.w3.org/2002/07/owl#minCardinality
2026-10-07 09:54:33.636 | DEBUG    | shaclgen.shaclgen:extract_props:37 - Property: http://www.w3.org/2002/07/owl#onClass
2026-10-07 09:54:33.637 | DEBUG    | shaclgen.shaclgen:extract_props_subj_types:56 - Property subject types: http://www.w3.org/2002/07/owl#onClass
2026-10-07 09:54:42.402 | DEBUG    | shaclgen.shaclgen:extract_props_obj_types:73 - Property object types: http://www.w3.org/2002/07/owl#onClass
2026-10-07 09:54:42.845 | DEBUG    | shaclgen.shaclgen:extract_props:37 - Property: http://www.w3.org/2002/07/owl#equivalentProperty
2026-10-07 09:54:42.846 | DEBUG    | shaclgen.shaclgen:extract_props_subj_types:56 - Property subject types: http://www.w3.org/2002/07/owl#equivalentProperty
2026-10-07 09:54:51.266 | DEBUG    | shaclgen.shaclgen:extract_props_obj_types:73 - Property object types: http://www.w3.org/2002/07/owl#equivalentProperty
2026-10-07 09:54:51.351 | DEBUG    | shaclgen.shaclgen:extract_props:37 - Property: http://www.w3.org/ns/dcat#keyword
2026-10-07 09:54:51.352 | DEBUG    | shaclgen.shaclgen:extract_props_subj_types:56 - Property subject types: http://www.w3.org/ns/dcat#keyword
2026-10-07 09:54:59.722 | DEBUG    | shaclgen.shaclgen:extract_props_obj_types:73 - Property object types: http://www.w3.org/ns/dcat#keyword
2026-10-07 09:55:29.314 | DEBUG    | shaclgen.shaclgen:extract_props:37 - Property: http://www.w3.org/2002/07/owl#maxQualifiedCardinality
2026-10-07 09:55:29.315 | DEBUG    | shaclgen.shaclgen:extract_props_subj_types:56 - Property subject types: http://www.w3.org/2002/07/owl#maxQualifiedCardinality
2026-10-07 09:55:37.865 | DEBUG    | shaclgen.shaclgen:extract_props_obj_types:73 - Property object types: http://www.w3.org/2002/07/owl#maxQualifiedCardinality
2026-10-07 09:55:40.997 | DEBUG    | shaclgen.shaclgen:extract_props:37 - Property: http://www.w3.org/2002/07/owl#hasSelf
2026-10-07 09:55:40.997 | DEBUG    | shaclgen.shaclgen:extract_props_subj_types:56 - Property subject types: http://www.w3.org/2002/07/owl#hasSelf
2026-10-07 09:55:49.773 | DEBUG    | shaclgen.shaclgen:extract_props_obj_types:73 - Property object types: http://www.w3.org/2002/07/owl#hasSelf
2026-10-07 09:55:50.303 | DEBUG    | shaclgen.shaclgen:extract_props:37 - Property: http://www.w3.org/2002/07/owl#hasKey
2026-10-07 09:55:50.303 | DEBUG    | shaclgen.shaclgen:extract_props_subj_types:56 - Property subject types: http://www.w3.org/2002/07/owl#hasKey
2026-10-07 09:55:58.647 | DEBUG    | shaclgen.shaclgen:extract_props_obj_types:73 - Property object types: http://www.w3.org/2002/07/owl#hasKey
2026-10-07 09:56:01.783 | DEBUG    | shaclgen.shaclgen:extract_props:37 - Property: https://w3id.org/hacid/onto/data/hasResolution
2026-10-07 09:56:01.784 | DEBUG    | shaclgen.shaclgen:extract_props_subj_types:56 - Property subject types: https://w3id.org/hacid/onto/data/hasResolution
2026-10-07 09:56:09.842 | DEBUG    | shaclgen.shaclgen:extract_props_obj_types:73 - Property object types: https://w3id.org/hacid/onto/data/hasResolution
2026-10-07 09:56:36.309 | DEBUG    | shaclgen.shaclgen:extract_props:37 - Property: http://www.w3.org/ns/dcat#theme
2026-10-07 09:56:36.309 | DEBUG    | shaclgen.shaclgen:extract_props_subj_types:56 - Property subject types: http://www.w3.org/ns/dcat#theme
2026-10-07 09:56:44.128 | DEBUG    | shaclgen.shaclgen:extract_props_obj_types:73 - Property object types: http://www.w3.org/ns/dcat#theme
2026-10-07 09:57:11.072 | DEBUG    | shaclgen.shaclgen:extract_props:37 - Property: http://www.w3.org/2002/07/owl#equivalentClass
2026-10-07 09:57:11.072 | DEBUG    | shaclgen.shaclgen:extract_props_subj_types:56 - Property subject types: http://www.w3.org/2002/07/owl#equivalentClass
2026-10-07 09:57:19.781 | DEBUG    | shaclgen.shaclgen:extract_props_obj_types:73 - Property object types: http://www.w3.org/2002/07/owl#equivalentClass
2026-10-07 09:57:37.240 | DEBUG    | shaclgen.shaclgen:extract_props:37 - Property: http://purl.org/dc/terms/license
2026-10-07 09:57:37.240 | DEBUG    | shaclgen.shaclgen:extract_props_subj_types:56 - Property subject types: http://purl.org/dc/terms/license
2026-10-07 09:57:37.245 | DEBUG    | shaclgen.shaclgen:extract_props_obj_types:73 - Property object types: http://purl.org/dc/terms/license
2026-10-07 09:57:57.531 | DEBUG    | shaclgen.shaclgen:extract_props:37 - Property: http://www.w3.org/2002/07/owl#versionIRI
2026-10-07 09:57:57.531 | DEBUG    | shaclgen.shaclgen:extract_props_subj_types:56 - Property subject types: http://www.w3.org/2002/07/owl#versionIRI
2026-10-07 09:58:06.207 | DEBUG    | shaclgen.shaclgen:extract_props_obj_types:73 - Property object types: http://www.w3.org/2002/07/owl#versionIRI
2026-10-07 09:58:06.618 | DEBUG    | shaclgen.shaclgen:extract_props:37 - Property: http://www.w3.org/2002/07/owl#deprecated
2026-10-07 09:58:06.619 | DEBUG    | shaclgen.shaclgen:extract_props_subj_types:56 - Property subject types: http://www.w3.org/2002/07/owl#deprecated
2026-10-07 09:58:14.502 | DEBUG    | shaclgen.shaclgen:extract_props_obj_types:73 - Property object types: http://www.w3.org/2002/07/owl#deprecated
